sand_final_cohort_publication_probes_code_audit_v2.json 27f8dcf10ccf8f44355c2157d3eab57ed5f1fdd14867dc2c9c5d049be4539a0f
[
  {
    "target": "process_receipt",
    "outcome": "rejected",
    "error": "Bound source/inventory/control bytes changed before publication",
    "evidence_directory": "/private/tmp/sand_cohort_race_ey1fdpmu",
    "final_output_published": false
  },
  {
    "target": "checkpoint",
    "outcome": "rejected",
    "error": "Bound source/inventory/control bytes changed before publication",
    "evidence_directory": "/private/tmp/sand_cohort_race_ut4ciqd5",
    "final_output_published": false
  },
  {
    "target": "root_release",
    "outcome": "rejected",
    "error": "Bound source/inventory/control bytes changed before publication",
    "evidence_directory": "/private/tmp/sand_cohort_race_5mz9ied0",
    "final_output_published": false
  },
  {
    "target": "inventory",
    "outcome": "rejected",
    "error": "Bound source/inventory/control bytes changed before publication",
    "evidence_directory": "/private/tmp/sand_cohort_race_1oped6_j",
    "final_output_published": false
  },
  {
    "target": "copied_root_after_audit",
    "outcome": "rejected",
    "error": "Copied root release changed before final cohort publication",
    "evidence_directory": "/private/tmp/sand_cohort_race_0gc_oqjy",
    "final_output_published": false
  }
]
