sand_final_cohort_publication_probes_code_audit_v1.json d606aed0e25f098256fd9ba2dee5d88b38223439c0b36f24020a01c324ea3af1
[
  {
    "target": "process_receipt",
    "outcome": "rejected",
    "error": "Bound source/inventory/control bytes changed before publication",
    "evidence_directory": "/private/tmp/sand_cohort_race_d2ca5f7c",
    "final_output_published": false
  },
  {
    "target": "checkpoint",
    "outcome": "rejected",
    "error": "Bound source/inventory/control bytes changed before publication",
    "evidence_directory": "/private/tmp/sand_cohort_race_k11mcpf0",
    "final_output_published": false
  },
  {
    "target": "root_release",
    "outcome": "rejected",
    "error": "Bound source/inventory/control bytes changed before publication",
    "evidence_directory": "/private/tmp/sand_cohort_race___4gi5eu",
    "final_output_published": false
  },
  {
    "target": "inventory",
    "outcome": "rejected",
    "error": "Bound source/inventory/control bytes changed before publication",
    "evidence_directory": "/private/tmp/sand_cohort_race_2rc0c91q",
    "final_output_published": false
  },
  {
    "target": "copied_root_after_audit",
    "outcome": "accepted",
    "error": null,
    "evidence_directory": "/private/tmp/sand_cohort_race_dgpne7g1",
    "final_output_published": true
  }
]
