{"available_rows": 342, "cached_rows": 0, "missing_rows": 1818, "pending_audits": 342, "state": "prepared", "workers": 16}
{"cell_id": "base_seed0__valid__000003__relative-velocity-RMS25", "completed": 1, "elapsed_seconds": 8.342, "failed": 0, "state": "audit_checkpoint_committed"}
{"cell_id": "base_seed0__valid__000000__base", "completed": 2, "elapsed_seconds": 8.487, "failed": 0, "state": "audit_checkpoint_committed"}
{"cell_id": "base_seed0__valid__000000__random25", "completed": 3, "elapsed_seconds": 8.745, "failed": 0, "state": "audit_checkpoint_committed"}
{"cell_id": "base_seed0__valid__000000__relative-velocity-RMS25", "completed": 4, "elapsed_seconds": 8.763, "failed": 0, "state": "audit_checkpoint_committed"}
{"cell_id": "base_seed0__valid__000003__speed25", "completed": 5, "elapsed_seconds": 9.222, "failed": 0, "state": "audit_checkpoint_committed"}
{"cell_id": "base_seed0__valid__000000__laggedrisk25", "completed": 6, "elapsed_seconds": 9.451, "failed": 0, "state": "audit_checkpoint_committed"}
{"cell_id": "base_seed0__valid__000000__speed25", "completed": 7, "elapsed_seconds": 9.562, "failed": 0, "state": "audit_checkpoint_committed"}
{"cell_id": "base_seed0__valid__000006__speed25", "completed": 8, "elapsed_seconds": 9.594, "failed": 0, "state": "audit_checkpoint_committed"}
{"cell_id": "base_seed0__valid__000003__base", "completed": 9, "elapsed_seconds": 9.681, "failed": 0, "state": "audit_checkpoint_committed"}
{"cell_id": "base_seed0__valid__000006__base", "completed": 10, "elapsed_seconds": 9.756, "failed": 0, "state": "audit_checkpoint_committed"}
{"cell_id": "base_seed0__valid__000006__random25", "completed": 11, "elapsed_seconds": 10.018, "failed": 0, "state": "audit_checkpoint_committed"}
{"cell_id": "base_seed0__valid__000003__random25", "completed": 12, "elapsed_seconds": 10.192, "failed": 0, "state": "audit_checkpoint_committed"}
{"cell_id": "base_seed0__valid__000003__laggedrisk25", "completed": 13, "elapsed_seconds": 10.206, "failed": 0, "state": "audit_checkpoint_committed"}
{"cell_id": "base_seed0__valid__000006__laggedrisk25", "completed": 14, "elapsed_seconds": 10.542, "failed": 0, "state": "audit_checkpoint_committed"}
{"cell_id": "base_seed0__valid__000003__dense", "completed": 15, "elapsed_seconds": 10.644, "failed": 0, "state": "audit_checkpoint_committed"}
{"cell_id": "base_seed0__valid__000010__base", "completed": 16, "elapsed_seconds": 11.461, "failed": 0, "state": "audit_checkpoint_committed"}
{"cell_id": "base_seed0__valid__000006__relative-velocity-RMS25", "completed": 17, "elapsed_seconds": 11.718, "failed": 0, "state": "audit_checkpoint_committed"}
{"cell_id": "base_seed0__valid__000000__dense", "completed": 18, "elapsed_seconds": 12.242, "failed": 0, "state": "audit_checkpoint_committed"}
{"cell_id": "base_seed0__test__000003__base", "completed": 19, "elapsed_seconds": 12.268, "failed": 0, "state": "audit_checkpoint_committed"}
{"cell_id": "base_seed0__valid__000006__dense", "completed": 20, "elapsed_seconds": 12.732, "failed": 0, "state": "audit_checkpoint_committed"}
{"cell_id": "base_seed0__valid__000010__random25", "completed": 21, "elapsed_seconds": 12.818, "failed": 0, "state": "audit_checkpoint_committed"}
{"cell_id": "base_seed0__test__000000__base", "completed": 22, "elapsed_seconds": 12.852, "failed": 0, "state": "audit_checkpoint_committed"}
{"cell_id": "base_seed0__test__000000__speed25", "completed": 23, "elapsed_seconds": 12.89, "failed": 0, "state": "audit_checkpoint_committed"}
{"cell_id": "base_seed0__valid__000010__laggedrisk25", "completed": 24, "elapsed_seconds": 12.961, "failed": 0, "state": "audit_checkpoint_committed"}
{"cell_id": "base_seed0__valid__000010__speed25", "completed": 25, "elapsed_seconds": 13.02, "failed": 0, "state": "audit_checkpoint_committed"}
{"cell_id": "base_seed0__test__000000__random25", "completed": 26, "elapsed_seconds": 13.495, "failed": 0, "state": "audit_checkpoint_committed"}
{"cell_id": "base_seed0__test__000000__relative-velocity-RMS25", "completed": 27, "elapsed_seconds": 13.705, "failed": 0, "state": "audit_checkpoint_committed"}
{"cell_id": "base_seed0__test__000000__laggedrisk25", "completed": 28, "elapsed_seconds": 13.795, "failed": 0, "state": "audit_checkpoint_committed"}
{"cell_id": "base_seed0__test__000003__relative-velocity-RMS25", "completed": 29, "elapsed_seconds": 14.434, "failed": 0, "state": "audit_checkpoint_committed"}
{"cell_id": "mix_seed0__valid__000003__base", "completed": 30, "elapsed_seconds": 15.427, "failed": 0, "state": "audit_checkpoint_committed"}
{"cell_id": "base_seed0__test__000003__random25", "completed": 31, "elapsed_seconds": 15.438, "failed": 0, "state": "audit_checkpoint_committed"}
{"cell_id": "mix_seed0__valid__000000__base", "completed": 32, "elapsed_seconds": 15.457, "failed": 0, "state": "audit_checkpoint_committed"}
{"cell_id": "mix_seed0__valid__000000__random25", "completed": 33, "elapsed_seconds": 15.669, "failed": 0, "state": "audit_checkpoint_committed"}
{"cell_id": "base_seed0__valid__000010__dense", "completed": 34, "elapsed_seconds": 15.68, "failed": 0, "state": "audit_checkpoint_committed"}
{"cell_id": "base_seed0__test__000003__speed25", "completed": 35, "elapsed_seconds": 15.798, "failed": 0, "state": "audit_checkpoint_committed"}
{"cell_id": "mix_seed0__valid__000000__speed25", "completed": 36, "elapsed_seconds": 16.023, "failed": 0, "state": "audit_checkpoint_committed"}
{"cell_id": "base_seed0__test__000000__dense", "completed": 37, "elapsed_seconds": 16.046, "failed": 0, "state": "audit_checkpoint_committed"}
{"cell_id": "base_seed0__test__000003__laggedrisk25", "completed": 38, "elapsed_seconds": 16.221, "failed": 0, "state": "audit_checkpoint_committed"}
{"cell_id": "mix_seed0__valid__000000__laggedrisk25", "completed": 39, "elapsed_seconds": 16.272, "failed": 0, "state": "audit_checkpoint_committed"}
{"cell_id": "mix_seed0__valid__000000__relative-velocity-RMS25", "completed": 40, "elapsed_seconds": 16.618, "failed": 0, "state": "audit_checkpoint_committed"}
{"cell_id": "base_seed0__test__000003__dense", "completed": 41, "elapsed_seconds": 16.636, "failed": 0, "state": "audit_checkpoint_committed"}
{"cell_id": "mix_seed0__valid__000000__dense", "completed": 42, "elapsed_seconds": 16.646, "failed": 0, "state": "audit_checkpoint_committed"}
{"cell_id": "mix_seed0__valid__000003__dense", "completed": 43, "elapsed_seconds": 17.018, "failed": 0, "state": "audit_checkpoint_committed"}
{"cell_id": "mix_seed0__valid__000003__random25", "completed": 44, "elapsed_seconds": 17.413, "failed": 0, "state": "audit_checkpoint_committed"}
{"cell_id": "mix_seed0__valid__000003__speed25", "completed": 45, "elapsed_seconds": 17.461, "failed": 0, "state": "audit_checkpoint_committed"}
{"cell_id": "mix_seed0__valid__000003__laggedrisk25", "completed": 46, "elapsed_seconds": 17.776, "failed": 0, "state": "audit_checkpoint_committed"}
{"cell_id": "mix_seed0__valid__000003__relative-velocity-RMS25", "completed": 47, "elapsed_seconds": 17.949, "failed": 0, "state": "audit_checkpoint_committed"}
{"cell_id": "mix_seed0__valid__000010__random25", "completed": 48, "elapsed_seconds": 18.742, "failed": 0, "state": "audit_checkpoint_committed"}
{"cell_id": "mix_seed0__valid__000013__base", "completed": 49, "elapsed_seconds": 18.79, "failed": 0, "state": "audit_checkpoint_committed"}
{"cell_id": "mix_seed0__valid__000006__base", "completed": 50, "elapsed_seconds": 18.846, "failed": 0, "state": "audit_checkpoint_committed"}
{"cell_id": "base_seed0__test__000006__base", "completed": 51, "elapsed_seconds": 18.931, "failed": 0, "state": "audit_checkpoint_committed"}
{"cell_id": "mix_seed0__valid__000006__random25", "completed": 52, "elapsed_seconds": 19.152, "failed": 0, "state": "audit_checkpoint_committed"}
{"cell_id": "mix_seed0__valid__000006__relative-velocity-RMS25", "completed": 53, "elapsed_seconds": 19.405, "failed": 0, "state": "audit_checkpoint_committed"}
{"cell_id": "mix_seed0__valid__000006__laggedrisk25", "completed": 54, "elapsed_seconds": 19.455, "failed": 0, "state": "audit_checkpoint_committed"}
{"cell_id": "mix_seed0__valid__000013__random25", "completed": 55, "elapsed_seconds": 19.662, "failed": 0, "state": "audit_checkpoint_committed"}
{"cell_id": "base_seed0__test__000006__random25", "completed": 56, "elapsed_seconds": 19.69, "failed": 0, "state": "audit_checkpoint_committed"}
{"cell_id": "mix_seed0__valid__000013__dense", "completed": 57, "elapsed_seconds": 19.7, "failed": 0, "state": "audit_checkpoint_committed"}
{"cell_id": "mix_seed0__valid__000006__speed25", "completed": 58, "elapsed_seconds": 19.757, "failed": 0, "state": "audit_checkpoint_committed"}
{"cell_id": "mix_seed0__valid__000013__speed25", "completed": 59, "elapsed_seconds": 19.804, "failed": 0, "state": "audit_checkpoint_committed"}
{"cell_id": "mix_seed0__valid__000013__laggedrisk25", "completed": 60, "elapsed_seconds": 19.85, "failed": 0, "state": "audit_checkpoint_committed"}
{"cell_id": "mix_seed0__valid__000010__base", "completed": 61, "elapsed_seconds": 19.862, "failed": 0, "state": "audit_checkpoint_committed"}
{"cell_id": "mix_seed0__valid__000013__relative-velocity-RMS25", "completed": 62, "elapsed_seconds": 19.998, "failed": 0, "state": "audit_checkpoint_committed"}
{"cell_id": "mix_seed0__valid__000010__laggedrisk25", "completed": 63, "elapsed_seconds": 20.347, "failed": 0, "state": "audit_checkpoint_committed"}
{"cell_id": "mix_seed0__valid__000010__speed25", "completed": 64, "elapsed_seconds": 20.37, "failed": 0, "state": "audit_checkpoint_committed"}
{"cell_id": "mix_seed0__valid__000006__dense", "completed": 65, "elapsed_seconds": 20.402, "failed": 0, "state": "audit_checkpoint_committed"}
{"cell_id": "mix_seed0__valid__000010__relative-velocity-RMS25", "completed": 66, "elapsed_seconds": 20.678, "failed": 0, "state": "audit_checkpoint_committed"}
{"cell_id": "mix_seed0__test__000000__laggedrisk25", "completed": 67, "elapsed_seconds": 20.919, "failed": 0, "state": "audit_checkpoint_committed"}
{"cell_id": "mix_seed0__valid__000010__dense", "completed": 68, "elapsed_seconds": 21.195, "failed": 0, "state": "audit_checkpoint_committed"}
{"cell_id": "mix_seed0__test__000000__relative-velocity-RMS25", "completed": 69, "elapsed_seconds": 21.966, "failed": 0, "state": "audit_checkpoint_committed"}
{"cell_id": "mix_seed0__test__000006__random25", "completed": 70, "elapsed_seconds": 22.518, "failed": 0, "state": "audit_checkpoint_committed"}
{"cell_id": "mix_seed0__test__000000__base", "completed": 71, "elapsed_seconds": 22.53, "failed": 0, "state": "audit_checkpoint_committed"}
{"cell_id": "base_seed0__test__000006__dense", "completed": 72, "elapsed_seconds": 23.125, "failed": 0, "state": "audit_checkpoint_committed"}
{"cell_id": "mix_seed0__test__000000__speed25", "completed": 73, "elapsed_seconds": 23.306, "failed": 0, "state": "audit_checkpoint_committed"}
{"cell_id": "mix_seed0__test__000010__base", "completed": 74, "elapsed_seconds": 23.342, "failed": 0, "state": "audit_checkpoint_committed"}
{"cell_id": "mix_seed0__test__000003__base", "completed": 75, "elapsed_seconds": 23.412, "failed": 0, "state": "audit_checkpoint_committed"}
{"cell_id": "mix_seed0__test__000006__base", "completed": 76, "elapsed_seconds": 23.452, "failed": 0, "state": "audit_checkpoint_committed"}
{"cell_id": "mix_seed0__test__000000__random25", "completed": 77, "elapsed_seconds": 23.638, "failed": 0, "state": "audit_checkpoint_committed"}
{"cell_id": "mix_seed0__test__000003__random25", "completed": 78, "elapsed_seconds": 23.708, "failed": 0, "state": "audit_checkpoint_committed"}
{"cell_id": "mix_seed0__test__000006__relative-velocity-RMS25", "completed": 79, "elapsed_seconds": 24.064, "failed": 0, "state": "audit_checkpoint_committed"}
{"cell_id": "mix_seed0__test__000003__relative-velocity-RMS25", "completed": 80, "elapsed_seconds": 24.202, "failed": 0, "state": "audit_checkpoint_committed"}
{"cell_id": "mix_seed0__test__000010__random25", "completed": 81, "elapsed_seconds": 24.213, "failed": 0, "state": "audit_checkpoint_committed"}
{"cell_id": "mix_seed0__test__000010__speed25", "completed": 82, "elapsed_seconds": 24.259, "failed": 0, "state": "audit_checkpoint_committed"}
{"cell_id": "mix_seed0__test__000003__laggedrisk25", "completed": 83, "elapsed_seconds": 24.331, "failed": 0, "state": "audit_checkpoint_committed"}
{"cell_id": "mix_seed0__test__000003__speed25", "completed": 84, "elapsed_seconds": 24.343, "failed": 0, "state": "audit_checkpoint_committed"}
{"cell_id": "mix_seed0__test__000010__relative-velocity-RMS25", "completed": 85, "elapsed_seconds": 24.381, "failed": 0, "state": "audit_checkpoint_committed"}
{"cell_id": "mix_seed0__test__000010__laggedrisk25", "completed": 86, "elapsed_seconds": 24.433, "failed": 0, "state": "audit_checkpoint_committed"}
{"cell_id": "mix_seed0__test__000010__dense", "completed": 87, "elapsed_seconds": 24.701, "failed": 0, "state": "audit_checkpoint_committed"}
{"cell_id": "mix_seed0__test__000006__speed25", "completed": 88, "elapsed_seconds": 24.723, "failed": 0, "state": "audit_checkpoint_committed"}
{"cell_id": "mix_seed0__test__000000__dense", "completed": 89, "elapsed_seconds": 24.874, "failed": 0, "state": "audit_checkpoint_committed"}
{"cell_id": "mix_seed0__test__000006__dense", "completed": 90, "elapsed_seconds": 25.046, "failed": 0, "state": "audit_checkpoint_committed"}
{"cell_id": "mix_seed0__test__000006__laggedrisk25", "completed": 91, "elapsed_seconds": 25.194, "failed": 0, "state": "audit_checkpoint_committed"}
{"cell_id": "mix_seed0__test__000003__dense", "completed": 92, "elapsed_seconds": 25.274, "failed": 0, "state": "audit_checkpoint_committed"}
{"cell_id": "base_seed1__valid__000003__base", "completed": 93, "elapsed_seconds": 26.15, "failed": 0, "state": "audit_checkpoint_committed"}
{"cell_id": "base_seed1__valid__000000__base", "completed": 94, "elapsed_seconds": 26.192, "failed": 0, "state": "audit_checkpoint_committed"}
{"cell_id": "base_seed1__valid__000000__speed25", "completed": 95, "elapsed_seconds": 26.396, "failed": 0, "state": "audit_checkpoint_committed"}
{"cell_id": "base_seed1__valid__000000__laggedrisk25", "completed": 96, "elapsed_seconds": 26.434, "failed": 0, "state": "audit_checkpoint_committed"}
{"cell_id": "base_seed1__valid__000003__speed25", "completed": 97, "elapsed_seconds": 26.528, "failed": 0, "state": "audit_checkpoint_committed"}
{"cell_id": "mix_seed0__test__000013__random25", "completed": 98, "elapsed_seconds": 26.541, "failed": 0, "state": "audit_checkpoint_committed"}
{"cell_id": "base_seed1__valid__000000__random25", "completed": 99, "elapsed_seconds": 26.552, "failed": 0, "state": "audit_checkpoint_committed"}
{"cell_id": "base_seed1__valid__000003__random25", "completed": 100, "elapsed_seconds": 26.59, "failed": 0, "state": "audit_checkpoint_committed"}
{"cell_id": "base_seed1__valid__000003__laggedrisk25", "completed": 101, "elapsed_seconds": 26.606, "failed": 0, "state": "audit_checkpoint_committed"}
{"cell_id": "base_seed1__valid__000003__relative-velocity-RMS25", "completed": 102, "elapsed_seconds": 27.11, "failed": 0, "state": "audit_checkpoint_committed"}
{"cell_id": "base_seed1__valid__000000__relative-velocity-RMS25", "completed": 103, "elapsed_seconds": 27.433, "failed": 0, "state": "audit_checkpoint_committed"}
{"cell_id": "base_seed1__valid__000003__dense", "completed": 104, "elapsed_seconds": 27.681, "failed": 0, "state": "audit_checkpoint_committed"}
{"cell_id": "base_seed1__valid__000010__base", "completed": 105, "elapsed_seconds": 27.697, "failed": 0, "state": "audit_checkpoint_committed"}
{"cell_id": "base_seed1__valid__000006__base", "completed": 106, "elapsed_seconds": 27.763, "failed": 0, "state": "audit_checkpoint_committed"}
{"cell_id": "mix_seed0__test__000013__base", "completed": 107, "elapsed_seconds": 28.065, "failed": 0, "state": "audit_checkpoint_committed"}
{"cell_id": "base_seed1__valid__000000__dense", "completed": 108, "elapsed_seconds": 28.112, "failed": 0, "state": "audit_checkpoint_committed"}
{"cell_id": "base_seed1__valid__000013__base", "completed": 109, "elapsed_seconds": 28.455, "failed": 0, "state": "audit_checkpoint_committed"}
{"cell_id": "base_seed1__valid__000013__dense", "completed": 110, "elapsed_seconds": 28.491, "failed": 0, "state": "audit_checkpoint_committed"}
{"cell_id": "base_seed1__valid__000006__relative-velocity-RMS25", "completed": 111, "elapsed_seconds": 28.519, "failed": 0, "state": "audit_checkpoint_committed"}
{"cell_id": "base_seed1__valid__000013__random25", "completed": 112, "elapsed_seconds": 28.583, "failed": 0, "state": "audit_checkpoint_committed"}
{"cell_id": "base_seed1__valid__000006__random25", "completed": 113, "elapsed_seconds": 28.747, "failed": 0, "state": "audit_checkpoint_committed"}
{"cell_id": "base_seed1__valid__000010__random25", "completed": 114, "elapsed_seconds": 28.858, "failed": 0, "state": "audit_checkpoint_committed"}
{"cell_id": "base_seed1__valid__000006__laggedrisk25", "completed": 115, "elapsed_seconds": 28.932, "failed": 0, "state": "audit_checkpoint_committed"}
{"cell_id": "base_seed1__valid__000013__laggedrisk25", "completed": 116, "elapsed_seconds": 28.957, "failed": 0, "state": "audit_checkpoint_committed"}
{"cell_id": "base_seed1__valid__000010__speed25", "completed": 117, "elapsed_seconds": 29.012, "failed": 0, "state": "audit_checkpoint_committed"}
{"cell_id": "base_seed1__valid__000013__speed25", "completed": 118, "elapsed_seconds": 29.032, "failed": 0, "state": "audit_checkpoint_committed"}
{"cell_id": "base_seed1__valid__000006__speed25", "completed": 119, "elapsed_seconds": 29.067, "failed": 0, "state": "audit_checkpoint_committed"}
{"cell_id": "base_seed1__valid__000006__dense", "completed": 120, "elapsed_seconds": 29.095, "failed": 0, "state": "audit_checkpoint_committed"}
{"cell_id": "base_seed1__valid__000013__relative-velocity-RMS25", "completed": 121, "elapsed_seconds": 29.334, "failed": 0, "state": "audit_checkpoint_committed"}
{"cell_id": "base_seed1__valid__000010__laggedrisk25", "completed": 122, "elapsed_seconds": 29.442, "failed": 0, "state": "audit_checkpoint_committed"}
{"cell_id": "base_seed1__valid__000017__base", "completed": 123, "elapsed_seconds": 29.529, "failed": 0, "state": "audit_checkpoint_committed"}
{"cell_id": "base_seed1__valid__000010__relative-velocity-RMS25", "completed": 124, "elapsed_seconds": 29.715, "failed": 0, "state": "audit_checkpoint_committed"}
{"cell_id": "base_seed1__valid__000010__dense", "completed": 125, "elapsed_seconds": 29.878, "failed": 0, "state": "audit_checkpoint_committed"}
{"cell_id": "base_seed1__valid__000023__base", "completed": 126, "elapsed_seconds": 29.897, "failed": 0, "state": "audit_checkpoint_committed"}
{"cell_id": "base_seed1__valid__000023__dense", "completed": 127, "elapsed_seconds": 30.053, "failed": 0, "state": "audit_checkpoint_committed"}
{"cell_id": "base_seed1__valid__000023__random25", "completed": 128, "elapsed_seconds": 30.225, "failed": 0, "state": "audit_checkpoint_committed"}
{"cell_id": "base_seed1__valid__000023__speed25", "completed": 129, "elapsed_seconds": 30.391, "failed": 0, "state": "audit_checkpoint_committed"}
{"cell_id": "base_seed1__valid__000023__laggedrisk25", "completed": 130, "elapsed_seconds": 30.404, "failed": 0, "state": "audit_checkpoint_committed"}
{"cell_id": "base_seed1__valid__000023__relative-velocity-RMS25", "completed": 131, "elapsed_seconds": 30.417, "failed": 0, "state": "audit_checkpoint_committed"}
{"cell_id": "base_seed1__valid__000017__random25", "completed": 132, "elapsed_seconds": 30.583, "failed": 0, "state": "audit_checkpoint_committed"}
{"cell_id": "base_seed1__valid__000017__speed25", "completed": 133, "elapsed_seconds": 30.857, "failed": 0, "state": "audit_checkpoint_committed"}
{"cell_id": "base_seed1__valid__000020__base", "completed": 134, "elapsed_seconds": 30.896, "failed": 0, "state": "audit_checkpoint_committed"}
{"cell_id": "base_seed1__valid__000017__laggedrisk25", "completed": 135, "elapsed_seconds": 30.927, "failed": 0, "state": "audit_checkpoint_committed"}
{"cell_id": "base_seed1__valid__000017__relative-velocity-RMS25", "completed": 136, "elapsed_seconds": 30.99, "failed": 0, "state": "audit_checkpoint_committed"}
{"cell_id": "base_seed1__valid__000020__random25", "completed": 137, "elapsed_seconds": 31.076, "failed": 0, "state": "audit_checkpoint_committed"}
{"cell_id": "base_seed1__valid__000020__laggedrisk25", "completed": 138, "elapsed_seconds": 31.127, "failed": 0, "state": "audit_checkpoint_committed"}
{"cell_id": "base_seed1__valid__000020__speed25", "completed": 139, "elapsed_seconds": 31.167, "failed": 0, "state": "audit_checkpoint_committed"}
{"cell_id": "base_seed1__valid__000020__relative-velocity-RMS25", "completed": 140, "elapsed_seconds": 31.31, "failed": 0, "state": "audit_checkpoint_committed"}
{"cell_id": "base_seed1__valid__000027__speed25", "completed": 141, "elapsed_seconds": 31.395, "failed": 0, "state": "audit_checkpoint_committed"}
{"cell_id": "base_seed1__valid__000017__dense", "completed": 142, "elapsed_seconds": 31.624, "failed": 0, "state": "audit_checkpoint_committed"}
{"cell_id": "base_seed1__valid__000027__base", "completed": 143, "elapsed_seconds": 31.769, "failed": 0, "state": "audit_checkpoint_committed"}
{"cell_id": "base_seed1__test__000000__base", "completed": 144, "elapsed_seconds": 31.872, "failed": 0, "state": "audit_checkpoint_committed"}
{"cell_id": "base_seed1__valid__000020__dense", "completed": 145, "elapsed_seconds": 31.973, "failed": 0, "state": "audit_checkpoint_committed"}
{"cell_id": "base_seed1__valid__000027__random25", "completed": 146, "elapsed_seconds": 32.124, "failed": 0, "state": "audit_checkpoint_committed"}
{"cell_id": "base_seed1__test__000000__random25", "completed": 147, "elapsed_seconds": 32.287, "failed": 0, "state": "audit_checkpoint_committed"}
{"cell_id": "base_seed1__test__000000__speed25", "completed": 148, "elapsed_seconds": 32.324, "failed": 0, "state": "audit_checkpoint_committed"}
{"cell_id": "base_seed1__test__000000__laggedrisk25", "completed": 149, "elapsed_seconds": 32.389, "failed": 0, "state": "audit_checkpoint_committed"}
{"cell_id": "base_seed1__test__000000__relative-velocity-RMS25", "completed": 150, "elapsed_seconds": 32.441, "failed": 0, "state": "audit_checkpoint_committed"}
{"cell_id": "base_seed1__test__000000__dense", "completed": 151, "elapsed_seconds": 32.783, "failed": 0, "state": "audit_checkpoint_committed"}
{"cell_id": "base_seed1__test__000003__speed25", "completed": 152, "elapsed_seconds": 32.994, "failed": 0, "state": "audit_checkpoint_committed"}
{"cell_id": "mix_seed0__test__000013__dense", "completed": 153, "elapsed_seconds": 33.095, "failed": 0, "state": "audit_checkpoint_committed"}
{"cell_id": "base_seed1__valid__000027__dense", "completed": 154, "elapsed_seconds": 33.141, "failed": 0, "state": "audit_checkpoint_committed"}
{"cell_id": "base_seed1__test__000010__base", "completed": 155, "elapsed_seconds": 33.176, "failed": 0, "state": "audit_checkpoint_committed"}
{"cell_id": "base_seed1__test__000010__random25", "completed": 156, "elapsed_seconds": 33.486, "failed": 0, "state": "audit_checkpoint_committed"}
{"cell_id": "base_seed1__test__000003__base", "completed": 157, "elapsed_seconds": 33.716, "failed": 0, "state": "audit_checkpoint_committed"}
{"cell_id": "base_seed1__test__000010__speed25", "completed": 158, "elapsed_seconds": 33.838, "failed": 0, "state": "audit_checkpoint_committed"}
{"cell_id": "base_seed1__test__000010__dense", "completed": 159, "elapsed_seconds": 33.882, "failed": 0, "state": "audit_checkpoint_committed"}
{"cell_id": "base_seed1__test__000010__laggedrisk25", "completed": 160, "elapsed_seconds": 33.904, "failed": 0, "state": "audit_checkpoint_committed"}
{"cell_id": "base_seed1__test__000010__relative-velocity-RMS25", "completed": 161, "elapsed_seconds": 34.085, "failed": 0, "state": "audit_checkpoint_committed"}
{"cell_id": "base_seed1__test__000003__random25", "completed": 162, "elapsed_seconds": 34.15, "failed": 0, "state": "audit_checkpoint_committed"}
{"cell_id": "base_seed1__test__000003__laggedrisk25", "completed": 163, "elapsed_seconds": 34.602, "failed": 0, "state": "audit_checkpoint_committed"}
{"cell_id": "base_seed1__test__000006__base", "completed": 164, "elapsed_seconds": 34.624, "failed": 0, "state": "audit_checkpoint_committed"}
{"cell_id": "base_seed1__test__000003__relative-velocity-RMS25", "completed": 165, "elapsed_seconds": 34.637, "failed": 0, "state": "audit_checkpoint_committed"}
{"cell_id": "base_seed1__test__000006__laggedrisk25", "completed": 166, "elapsed_seconds": 35.184, "failed": 0, "state": "audit_checkpoint_committed"}
{"cell_id": "base_seed1__test__000006__random25", "completed": 167, "elapsed_seconds": 35.195, "failed": 0, "state": "audit_checkpoint_committed"}
{"cell_id": "base_seed1__test__000006__relative-velocity-RMS25", "completed": 168, "elapsed_seconds": 35.32, "failed": 0, "state": "audit_checkpoint_committed"}
{"cell_id": "base_seed1__test__000006__speed25", "completed": 169, "elapsed_seconds": 35.474, "failed": 0, "state": "audit_checkpoint_committed"}
{"cell_id": "base_seed1__test__000003__dense", "completed": 170, "elapsed_seconds": 35.654, "failed": 0, "state": "audit_checkpoint_committed"}
{"cell_id": "mix_seed1__valid__000000__base", "completed": 171, "elapsed_seconds": 36.224, "failed": 0, "state": "audit_checkpoint_committed"}
{"cell_id": "base_seed1__test__000013__base", "completed": 172, "elapsed_seconds": 36.616, "failed": 0, "state": "audit_checkpoint_committed"}
{"cell_id": "base_seed1__test__000006__dense", "completed": 173, "elapsed_seconds": 36.688, "failed": 0, "state": "audit_checkpoint_committed"}
{"cell_id": "mix_seed1__valid__000000__random25", "completed": 174, "elapsed_seconds": 36.815, "failed": 0, "state": "audit_checkpoint_committed"}
{"cell_id": "mix_seed1__valid__000000__speed25", "completed": 175, "elapsed_seconds": 36.894, "failed": 0, "state": "audit_checkpoint_committed"}
{"cell_id": "mix_seed1__valid__000000__laggedrisk25", "completed": 176, "elapsed_seconds": 36.969, "failed": 0, "state": "audit_checkpoint_committed"}
{"cell_id": "mix_seed1__valid__000003__base", "completed": 177, "elapsed_seconds": 36.998, "failed": 0, "state": "audit_checkpoint_committed"}
{"cell_id": "mix_seed1__valid__000003__random25", "completed": 178, "elapsed_seconds": 37.191, "failed": 0, "state": "audit_checkpoint_committed"}
{"cell_id": "mix_seed1__valid__000003__speed25", "completed": 179, "elapsed_seconds": 37.439, "failed": 0, "state": "audit_checkpoint_committed"}
{"cell_id": "mix_seed1__valid__000000__relative-velocity-RMS25", "completed": 180, "elapsed_seconds": 37.525, "failed": 0, "state": "audit_checkpoint_committed"}
{"cell_id": "mix_seed1__valid__000000__dense", "completed": 181, "elapsed_seconds": 37.625, "failed": 0, "state": "audit_checkpoint_committed"}
{"cell_id": "mix_seed1__valid__000003__relative-velocity-RMS25", "completed": 182, "elapsed_seconds": 37.668, "failed": 0, "state": "audit_checkpoint_committed"}
{"cell_id": "mix_seed1__valid__000003__dense", "completed": 183, "elapsed_seconds": 37.914, "failed": 0, "state": "audit_checkpoint_committed"}
{"cell_id": "mix_seed1__valid__000003__laggedrisk25", "completed": 184, "elapsed_seconds": 37.97, "failed": 0, "state": "audit_checkpoint_committed"}
{"cell_id": "mix_seed1__valid__000006__base", "completed": 185, "elapsed_seconds": 39.1, "failed": 0, "state": "audit_checkpoint_committed"}
{"cell_id": "mix_seed1__valid__000010__speed25", "completed": 186, "elapsed_seconds": 39.355, "failed": 0, "state": "audit_checkpoint_committed"}
{"cell_id": "mix_seed1__valid__000006__laggedrisk25", "completed": 187, "elapsed_seconds": 39.68, "failed": 0, "state": "audit_checkpoint_committed"}
{"cell_id": "mix_seed1__valid__000006__random25", "completed": 188, "elapsed_seconds": 39.693, "failed": 0, "state": "audit_checkpoint_committed"}
{"cell_id": "mix_seed1__valid__000006__relative-velocity-RMS25", "completed": 189, "elapsed_seconds": 39.754, "failed": 0, "state": "audit_checkpoint_committed"}
{"cell_id": "mix_seed1__valid__000010__base", "completed": 190, "elapsed_seconds": 39.867, "failed": 0, "state": "audit_checkpoint_committed"}
{"cell_id": "mix_seed1__valid__000006__speed25", "completed": 191, "elapsed_seconds": 39.92, "failed": 0, "state": "audit_checkpoint_committed"}
{"cell_id": "mix_seed1__valid__000013__dense", "completed": 192, "elapsed_seconds": 40.337, "failed": 0, "state": "audit_checkpoint_committed"}
{"cell_id": "mix_seed1__valid__000010__random25", "completed": 193, "elapsed_seconds": 40.37, "failed": 0, "state": "audit_checkpoint_committed"}
{"cell_id": "mix_seed1__valid__000013__base", "completed": 194, "elapsed_seconds": 40.42, "failed": 0, "state": "audit_checkpoint_committed"}
{"cell_id": "base_seed1__test__000013__random25", "completed": 195, "elapsed_seconds": 40.561, "failed": 0, "state": "audit_checkpoint_committed"}
{"cell_id": "base_seed1__test__000013__laggedrisk25", "completed": 196, "elapsed_seconds": 40.677, "failed": 0, "state": "audit_checkpoint_committed"}
{"cell_id": "base_seed1__test__000013__speed25", "completed": 197, "elapsed_seconds": 40.691, "failed": 0, "state": "audit_checkpoint_committed"}
{"cell_id": "mix_seed1__valid__000010__laggedrisk25", "completed": 198, "elapsed_seconds": 40.703, "failed": 0, "state": "audit_checkpoint_committed"}
{"cell_id": "mix_seed1__valid__000013__random25", "completed": 199, "elapsed_seconds": 40.714, "failed": 0, "state": "audit_checkpoint_committed"}
{"cell_id": "mix_seed1__valid__000013__speed25", "completed": 200, "elapsed_seconds": 40.728, "failed": 0, "state": "audit_checkpoint_committed"}
{"cell_id": "mix_seed1__valid__000013__laggedrisk25", "completed": 201, "elapsed_seconds": 40.757, "failed": 0, "state": "audit_checkpoint_committed"}
{"cell_id": "mix_seed1__valid__000013__relative-velocity-RMS25", "completed": 202, "elapsed_seconds": 40.843, "failed": 0, "state": "audit_checkpoint_committed"}
{"cell_id": "mix_seed1__valid__000010__relative-velocity-RMS25", "completed": 203, "elapsed_seconds": 40.919, "failed": 0, "state": "audit_checkpoint_committed"}
{"cell_id": "mix_seed1__valid__000006__dense", "completed": 204, "elapsed_seconds": 41.407, "failed": 0, "state": "audit_checkpoint_committed"}
{"cell_id": "mix_seed1__valid__000010__dense", "completed": 205, "elapsed_seconds": 42.16, "failed": 0, "state": "audit_checkpoint_committed"}
{"cell_id": "mix_seed1__test__000000__base", "completed": 206, "elapsed_seconds": 42.192, "failed": 0, "state": "audit_checkpoint_committed"}
{"cell_id": "mix_seed1__test__000000__random25", "completed": 207, "elapsed_seconds": 42.288, "failed": 0, "state": "audit_checkpoint_committed"}
{"cell_id": "mix_seed1__valid__000017__base", "completed": 208, "elapsed_seconds": 42.369, "failed": 0, "state": "audit_checkpoint_committed"}
{"cell_id": "mix_seed1__valid__000017__dense", "completed": 209, "elapsed_seconds": 42.419, "failed": 0, "state": "audit_checkpoint_committed"}
{"cell_id": "mix_seed1__test__000000__laggedrisk25", "completed": 210, "elapsed_seconds": 42.458, "failed": 0, "state": "audit_checkpoint_committed"}
{"cell_id": "mix_seed1__test__000000__speed25", "completed": 211, "elapsed_seconds": 42.513, "failed": 0, "state": "audit_checkpoint_committed"}
{"cell_id": "base_seed1__test__000013__dense", "completed": 212, "elapsed_seconds": 42.525, "failed": 0, "state": "audit_checkpoint_committed"}
{"cell_id": "mix_seed1__valid__000017__speed25", "completed": 213, "elapsed_seconds": 42.898, "failed": 0, "state": "audit_checkpoint_committed"}
{"cell_id": "mix_seed1__test__000000__relative-velocity-RMS25", "completed": 214, "elapsed_seconds": 42.91, "failed": 0, "state": "audit_checkpoint_committed"}
{"cell_id": "mix_seed1__test__000000__dense", "completed": 215, "elapsed_seconds": 42.934, "failed": 0, "state": "audit_checkpoint_committed"}
{"cell_id": "mix_seed1__valid__000017__random25", "completed": 216, "elapsed_seconds": 42.956, "failed": 0, "state": "audit_checkpoint_committed"}
{"cell_id": "mix_seed1__valid__000020__base", "completed": 217, "elapsed_seconds": 43.034, "failed": 0, "state": "audit_checkpoint_committed"}
{"cell_id": "mix_seed1__valid__000017__relative-velocity-RMS25", "completed": 218, "elapsed_seconds": 43.064, "failed": 0, "state": "audit_checkpoint_committed"}
{"cell_id": "mix_seed1__valid__000017__laggedrisk25", "completed": 219, "elapsed_seconds": 43.077, "failed": 0, "state": "audit_checkpoint_committed"}
{"cell_id": "mix_seed1__test__000010__base", "completed": 220, "elapsed_seconds": 43.764, "failed": 0, "state": "audit_checkpoint_committed"}
{"cell_id": "mix_seed1__test__000010__random25", "completed": 221, "elapsed_seconds": 44.004, "failed": 0, "state": "audit_checkpoint_committed"}
{"cell_id": "mix_seed1__valid__000020__dense", "completed": 222, "elapsed_seconds": 44.233, "failed": 0, "state": "audit_checkpoint_committed"}
{"cell_id": "mix_seed1__test__000003__laggedrisk25", "completed": 223, "elapsed_seconds": 44.266, "failed": 0, "state": "audit_checkpoint_committed"}
{"cell_id": "mix_seed1__test__000010__dense", "completed": 224, "elapsed_seconds": 44.509, "failed": 0, "state": "audit_checkpoint_committed"}
{"cell_id": "mix_seed1__test__000010__speed25", "completed": 225, "elapsed_seconds": 44.597, "failed": 0, "state": "audit_checkpoint_committed"}
{"cell_id": "mix_seed1__test__000010__laggedrisk25", "completed": 226, "elapsed_seconds": 44.924, "failed": 0, "state": "audit_checkpoint_committed"}
{"cell_id": "mix_seed1__test__000003__base", "completed": 227, "elapsed_seconds": 45.217, "failed": 0, "state": "audit_checkpoint_committed"}
{"cell_id": "mix_seed1__test__000010__relative-velocity-RMS25", "completed": 228, "elapsed_seconds": 45.35, "failed": 0, "state": "audit_checkpoint_committed"}
{"cell_id": "mix_seed1__test__000003__random25", "completed": 229, "elapsed_seconds": 45.74, "failed": 0, "state": "audit_checkpoint_committed"}
{"cell_id": "mix_seed1__test__000006__laggedrisk25", "completed": 230, "elapsed_seconds": 45.844, "failed": 0, "state": "audit_checkpoint_committed"}
{"cell_id": "mix_seed1__test__000003__relative-velocity-RMS25", "completed": 231, "elapsed_seconds": 45.893, "failed": 0, "state": "audit_checkpoint_committed"}
{"cell_id": "mix_seed1__test__000006__relative-velocity-RMS25", "completed": 232, "elapsed_seconds": 45.934, "failed": 0, "state": "audit_checkpoint_committed"}
{"cell_id": "mix_seed1__test__000003__speed25", "completed": 233, "elapsed_seconds": 46.032, "failed": 0, "state": "audit_checkpoint_committed"}
{"cell_id": "mix_seed1__test__000006__random25", "completed": 234, "elapsed_seconds": 46.265, "failed": 0, "state": "audit_checkpoint_committed"}
{"cell_id": "mix_seed1__test__000013__base", "completed": 235, "elapsed_seconds": 46.289, "failed": 0, "state": "audit_checkpoint_committed"}
{"cell_id": "mix_seed1__test__000006__speed25", "completed": 236, "elapsed_seconds": 46.394, "failed": 0, "state": "audit_checkpoint_committed"}
{"cell_id": "mix_seed1__test__000006__base", "completed": 237, "elapsed_seconds": 46.73, "failed": 0, "state": "audit_checkpoint_committed"}
{"cell_id": "mix_seed1__test__000017__base", "completed": 238, "elapsed_seconds": 47.067, "failed": 0, "state": "audit_checkpoint_committed"}
{"cell_id": "mix_seed1__test__000017__random25", "completed": 239, "elapsed_seconds": 47.356, "failed": 0, "state": "audit_checkpoint_committed"}
{"cell_id": "mix_seed1__test__000003__dense", "completed": 240, "elapsed_seconds": 47.375, "failed": 0, "state": "audit_checkpoint_committed"}
{"cell_id": "mix_seed1__test__000017__speed25", "completed": 241, "elapsed_seconds": 47.409, "failed": 0, "state": "audit_checkpoint_committed"}
{"cell_id": "mix_seed1__test__000017__laggedrisk25", "completed": 242, "elapsed_seconds": 47.527, "failed": 0, "state": "audit_checkpoint_committed"}
{"cell_id": "mix_seed1__test__000006__dense", "completed": 243, "elapsed_seconds": 48.044, "failed": 0, "state": "audit_checkpoint_committed"}
{"cell_id": "base_seed2__valid__000000__dense", "completed": 244, "elapsed_seconds": 48.097, "failed": 0, "state": "audit_checkpoint_committed"}
{"cell_id": "mix_seed1__test__000017__dense", "completed": 245, "elapsed_seconds": 48.425, "failed": 0, "state": "audit_checkpoint_committed"}
{"cell_id": "base_seed2__valid__000000__random25", "completed": 246, "elapsed_seconds": 48.456, "failed": 0, "state": "audit_checkpoint_committed"}
{"cell_id": "base_seed2__valid__000000__base", "completed": 247, "elapsed_seconds": 48.572, "failed": 0, "state": "audit_checkpoint_committed"}
{"cell_id": "base_seed2__valid__000000__speed25", "completed": 248, "elapsed_seconds": 48.905, "failed": 0, "state": "audit_checkpoint_committed"}
{"cell_id": "base_seed2__valid__000003__laggedrisk25", "completed": 249, "elapsed_seconds": 49.033, "failed": 0, "state": "audit_checkpoint_committed"}
{"cell_id": "mix_seed1__test__000013__random25", "completed": 250, "elapsed_seconds": 49.063, "failed": 0, "state": "audit_checkpoint_committed"}
{"cell_id": "base_seed2__valid__000003__base", "completed": 251, "elapsed_seconds": 49.31, "failed": 0, "state": "audit_checkpoint_committed"}
{"cell_id": "base_seed2__valid__000000__laggedrisk25", "completed": 252, "elapsed_seconds": 49.45, "failed": 0, "state": "audit_checkpoint_committed"}
{"cell_id": "base_seed2__valid__000003__random25", "completed": 253, "elapsed_seconds": 49.54, "failed": 0, "state": "audit_checkpoint_committed"}
{"cell_id": "base_seed2__valid__000000__relative-velocity-RMS25", "completed": 254, "elapsed_seconds": 49.566, "failed": 0, "state": "audit_checkpoint_committed"}
{"cell_id": "mix_seed1__test__000013__relative-velocity-RMS25", "completed": 255, "elapsed_seconds": 49.653, "failed": 0, "state": "audit_checkpoint_committed"}
{"cell_id": "mix_seed1__test__000013__speed25", "completed": 256, "elapsed_seconds": 49.671, "failed": 0, "state": "audit_checkpoint_committed"}
{"cell_id": "mix_seed1__test__000013__laggedrisk25", "completed": 257, "elapsed_seconds": 49.966, "failed": 0, "state": "audit_checkpoint_committed"}
{"cell_id": "base_seed2__valid__000003__speed25", "completed": 258, "elapsed_seconds": 50.257, "failed": 0, "state": "audit_checkpoint_committed"}
{"cell_id": "base_seed2__valid__000006__speed25", "completed": 259, "elapsed_seconds": 50.36, "failed": 0, "state": "audit_checkpoint_committed"}
{"cell_id": "base_seed2__valid__000003__dense", "completed": 260, "elapsed_seconds": 50.557, "failed": 0, "state": "audit_checkpoint_committed"}
{"cell_id": "base_seed2__valid__000003__relative-velocity-RMS25", "completed": 261, "elapsed_seconds": 50.61, "failed": 0, "state": "audit_checkpoint_committed"}
{"cell_id": "base_seed2__valid__000006__random25", "completed": 262, "elapsed_seconds": 51.14, "failed": 0, "state": "audit_checkpoint_committed"}
{"cell_id": "base_seed2__valid__000006__base", "completed": 263, "elapsed_seconds": 51.263, "failed": 0, "state": "audit_checkpoint_committed"}
{"cell_id": "base_seed2__valid__000013__base", "completed": 264, "elapsed_seconds": 51.369, "failed": 0, "state": "audit_checkpoint_committed"}
{"cell_id": "base_seed2__valid__000013__dense", "completed": 265, "elapsed_seconds": 51.567, "failed": 0, "state": "audit_checkpoint_committed"}
{"cell_id": "base_seed2__valid__000006__relative-velocity-RMS25", "completed": 266, "elapsed_seconds": 51.652, "failed": 0, "state": "audit_checkpoint_committed"}
{"cell_id": "mix_seed1__test__000013__dense", "completed": 267, "elapsed_seconds": 51.686, "failed": 0, "state": "audit_checkpoint_committed"}
{"cell_id": "base_seed2__valid__000013__speed25", "completed": 268, "elapsed_seconds": 51.796, "failed": 0, "state": "audit_checkpoint_committed"}
{"cell_id": "base_seed2__valid__000006__laggedrisk25", "completed": 269, "elapsed_seconds": 51.88, "failed": 0, "state": "audit_checkpoint_committed"}
{"cell_id": "base_seed2__valid__000013__random25", "completed": 270, "elapsed_seconds": 51.955, "failed": 0, "state": "audit_checkpoint_committed"}
{"cell_id": "base_seed2__valid__000006__dense", "completed": 271, "elapsed_seconds": 52.278, "failed": 0, "state": "audit_checkpoint_committed"}
{"cell_id": "base_seed2__valid__000013__relative-velocity-RMS25", "completed": 272, "elapsed_seconds": 52.727, "failed": 0, "state": "audit_checkpoint_committed"}
{"cell_id": "base_seed2__valid__000013__laggedrisk25", "completed": 273, "elapsed_seconds": 52.742, "failed": 0, "state": "audit_checkpoint_committed"}
{"cell_id": "base_seed2__valid__000010__base", "completed": 274, "elapsed_seconds": 53.161, "failed": 0, "state": "audit_checkpoint_committed"}
{"cell_id": "base_seed2__test__000000__base", "completed": 275, "elapsed_seconds": 53.41, "failed": 0, "state": "audit_checkpoint_committed"}
{"cell_id": "base_seed2__test__000000__random25", "completed": 276, "elapsed_seconds": 53.578, "failed": 0, "state": "audit_checkpoint_committed"}
{"cell_id": "base_seed2__valid__000010__relative-velocity-RMS25", "completed": 277, "elapsed_seconds": 53.595, "failed": 0, "state": "audit_checkpoint_committed"}
{"cell_id": "base_seed2__test__000000__laggedrisk25", "completed": 278, "elapsed_seconds": 53.608, "failed": 0, "state": "audit_checkpoint_committed"}
{"cell_id": "base_seed2__test__000000__speed25", "completed": 279, "elapsed_seconds": 53.636, "failed": 0, "state": "audit_checkpoint_committed"}
{"cell_id": "base_seed2__valid__000010__random25", "completed": 280, "elapsed_seconds": 53.658, "failed": 0, "state": "audit_checkpoint_committed"}
{"cell_id": "base_seed2__valid__000010__laggedrisk25", "completed": 281, "elapsed_seconds": 53.695, "failed": 0, "state": "audit_checkpoint_committed"}
{"cell_id": "base_seed2__valid__000010__speed25", "completed": 282, "elapsed_seconds": 53.707, "failed": 0, "state": "audit_checkpoint_committed"}
{"cell_id": "base_seed2__valid__000017__base", "completed": 283, "elapsed_seconds": 54.051, "failed": 0, "state": "audit_checkpoint_committed"}
{"cell_id": "base_seed2__valid__000017__dense", "completed": 284, "elapsed_seconds": 54.135, "failed": 0, "state": "audit_checkpoint_committed"}
{"cell_id": "base_seed2__test__000000__dense", "completed": 285, "elapsed_seconds": 54.181, "failed": 0, "state": "audit_checkpoint_committed"}
{"cell_id": "base_seed2__test__000000__relative-velocity-RMS25", "completed": 286, "elapsed_seconds": 54.3, "failed": 0, "state": "audit_checkpoint_committed"}
{"cell_id": "base_seed2__test__000010__base", "completed": 287, "elapsed_seconds": 54.619, "failed": 0, "state": "audit_checkpoint_committed"}
{"cell_id": "base_seed2__valid__000010__dense", "completed": 288, "elapsed_seconds": 55.197, "failed": 0, "state": "audit_checkpoint_committed"}
{"cell_id": "base_seed2__test__000010__random25", "completed": 289, "elapsed_seconds": 55.236, "failed": 0, "state": "audit_checkpoint_committed"}
{"cell_id": "base_seed2__test__000010__speed25", "completed": 290, "elapsed_seconds": 55.357, "failed": 0, "state": "audit_checkpoint_committed"}
{"cell_id": "base_seed2__test__000010__dense", "completed": 291, "elapsed_seconds": 55.929, "failed": 0, "state": "audit_checkpoint_committed"}
{"cell_id": "base_seed2__test__000010__laggedrisk25", "completed": 292, "elapsed_seconds": 56.243, "failed": 0, "state": "audit_checkpoint_committed"}
{"cell_id": "base_seed2__test__000010__relative-velocity-RMS25", "completed": 293, "elapsed_seconds": 56.372, "failed": 0, "state": "audit_checkpoint_committed"}
{"cell_id": "base_seed2__test__000006__base", "completed": 294, "elapsed_seconds": 57.318, "failed": 0, "state": "audit_checkpoint_committed"}
{"cell_id": "base_seed2__test__000013__base", "completed": 295, "elapsed_seconds": 57.379, "failed": 0, "state": "audit_checkpoint_committed"}
{"cell_id": "base_seed2__test__000003__base", "completed": 296, "elapsed_seconds": 57.413, "failed": 0, "state": "audit_checkpoint_committed"}
{"cell_id": "base_seed2__test__000006__relative-velocity-RMS25", "completed": 297, "elapsed_seconds": 57.768, "failed": 0, "state": "audit_checkpoint_committed"}
{"cell_id": "base_seed2__test__000006__laggedrisk25", "completed": 298, "elapsed_seconds": 57.903, "failed": 0, "state": "audit_checkpoint_committed"}
{"cell_id": "base_seed2__test__000006__random25", "completed": 299, "elapsed_seconds": 58.274, "failed": 0, "state": "audit_checkpoint_committed"}
{"cell_id": "base_seed2__test__000003__random25", "completed": 300, "elapsed_seconds": 58.285, "failed": 0, "state": "audit_checkpoint_committed"}
{"cell_id": "base_seed2__test__000003__relative-velocity-RMS25", "completed": 301, "elapsed_seconds": 59.095, "failed": 0, "state": "audit_checkpoint_committed"}
{"cell_id": "base_seed2__test__000003__speed25", "completed": 302, "elapsed_seconds": 59.137, "failed": 0, "state": "audit_checkpoint_committed"}
{"cell_id": "base_seed2__test__000006__speed25", "completed": 303, "elapsed_seconds": 59.175, "failed": 0, "state": "audit_checkpoint_committed"}
{"cell_id": "base_seed2__test__000003__laggedrisk25", "completed": 304, "elapsed_seconds": 59.362, "failed": 0, "state": "audit_checkpoint_committed"}
{"cell_id": "mix_seed2__valid__000000__base", "completed": 305, "elapsed_seconds": 59.498, "failed": 0, "state": "audit_checkpoint_committed"}
{"cell_id": "mix_seed2__valid__000003__base", "completed": 306, "elapsed_seconds": 59.921, "failed": 0, "state": "audit_checkpoint_committed"}
{"cell_id": "mix_seed2__valid__000000__speed25", "completed": 307, "elapsed_seconds": 60.267, "failed": 0, "state": "audit_checkpoint_committed"}
{"cell_id": "mix_seed2__valid__000003__random25", "completed": 308, "elapsed_seconds": 60.735, "failed": 0, "state": "audit_checkpoint_committed"}
{"cell_id": "mix_seed2__valid__000003__speed25", "completed": 309, "elapsed_seconds": 60.925, "failed": 0, "state": "audit_checkpoint_committed"}
{"cell_id": "mix_seed2__valid__000003__relative-velocity-RMS25", "completed": 310, "elapsed_seconds": 61.115, "failed": 0, "state": "audit_checkpoint_committed"}
{"cell_id": "base_seed2__test__000003__dense", "completed": 311, "elapsed_seconds": 61.238, "failed": 0, "state": "audit_checkpoint_committed"}
{"cell_id": "mix_seed2__valid__000003__laggedrisk25", "completed": 312, "elapsed_seconds": 61.503, "failed": 0, "state": "audit_checkpoint_committed"}
{"cell_id": "mix_seed2__test__000000__random25", "completed": 313, "elapsed_seconds": 61.726, "failed": 0, "state": "audit_checkpoint_committed"}
{"cell_id": "base_seed2__test__000006__dense", "completed": 314, "elapsed_seconds": 61.909, "failed": 0, "state": "audit_checkpoint_committed"}
{"cell_id": "mix_seed2__test__000000__base", "completed": 315, "elapsed_seconds": 62.121, "failed": 0, "state": "audit_checkpoint_committed"}
{"cell_id": "mix_seed2__test__000000__speed25", "completed": 316, "elapsed_seconds": 63.013, "failed": 0, "state": "audit_checkpoint_committed"}
{"cell_id": "mix_seed2__valid__000000__random25", "completed": 317, "elapsed_seconds": 63.04, "failed": 0, "state": "audit_checkpoint_committed"}
{"cell_id": "mix_seed2__test__000000__laggedrisk25", "completed": 318, "elapsed_seconds": 63.301, "failed": 0, "state": "audit_checkpoint_committed"}
{"cell_id": "mix_seed2__valid__000006__base", "completed": 319, "elapsed_seconds": 63.39, "failed": 0, "state": "audit_checkpoint_committed"}
{"cell_id": "mix_seed2__valid__000003__dense", "completed": 320, "elapsed_seconds": 64.014, "failed": 0, "state": "audit_checkpoint_committed"}
{"cell_id": "mix_seed2__valid__000000__relative-velocity-RMS25", "completed": 321, "elapsed_seconds": 64.686, "failed": 0, "state": "audit_checkpoint_committed"}
{"cell_id": "mix_seed2__test__000000__relative-velocity-RMS25", "completed": 322, "elapsed_seconds": 64.781, "failed": 0, "state": "audit_checkpoint_committed"}
{"cell_id": "base_seed2__test__000013__dense", "completed": 323, "elapsed_seconds": 64.797, "failed": 0, "state": "audit_checkpoint_committed"}
{"cell_id": "mix_seed2__test__000000__dense", "completed": 324, "elapsed_seconds": 65.012, "failed": 0, "state": "audit_checkpoint_committed"}
{"cell_id": "mix_seed2__valid__000000__laggedrisk25", "completed": 325, "elapsed_seconds": 65.17, "failed": 0, "state": "audit_checkpoint_committed"}
{"cell_id": "mix_seed2__test__000003__random25", "completed": 326, "elapsed_seconds": 66.67, "failed": 0, "state": "audit_checkpoint_committed"}
{"cell_id": "base_seed0__test__000013__base", "completed": 327, "elapsed_seconds": 66.751, "failed": 0, "state": "audit_checkpoint_committed"}
{"cell_id": "base_seed0__test__000013__random25", "completed": 328, "elapsed_seconds": 67.539, "failed": 0, "state": "audit_checkpoint_committed"}
{"cell_id": "base_seed0__test__000013__laggedrisk25", "completed": 329, "elapsed_seconds": 67.778, "failed": 0, "state": "audit_checkpoint_committed"}
{"cell_id": "mix_seed2__test__000003__base", "completed": 330, "elapsed_seconds": 68.163, "failed": 0, "state": "audit_checkpoint_committed"}
{"cell_id": "mix_seed0__valid__000051__random25", "completed": 331, "elapsed_seconds": 68.432, "failed": 0, "state": "audit_checkpoint_committed"}
{"cell_id": "base_seed0__test__000013__speed25", "completed": 332, "elapsed_seconds": 68.462, "failed": 0, "state": "audit_checkpoint_committed"}
{"cell_id": "mix_seed0__valid__000051__base", "completed": 333, "elapsed_seconds": 68.668, "failed": 0, "state": "audit_checkpoint_committed"}
{"cell_id": "mix_seed0__valid__000051__dense", "completed": 334, "elapsed_seconds": 69.357, "failed": 0, "state": "audit_checkpoint_committed"}
{"cell_id": "mix_seed0__test__000013__relative-velocity-RMS25", "completed": 335, "elapsed_seconds": 69.406, "failed": 0, "state": "audit_checkpoint_committed"}
{"cell_id": "mix_seed0__test__000013__laggedrisk25", "completed": 336, "elapsed_seconds": 69.968, "failed": 0, "state": "audit_checkpoint_committed"}
{"cell_id": "mix_seed0__test__000013__speed25", "completed": 337, "elapsed_seconds": 70.116, "failed": 0, "state": "audit_checkpoint_committed"}
{"cell_id": "mix_seed2__test__000003__speed25", "completed": 338, "elapsed_seconds": 70.416, "failed": 0, "state": "audit_checkpoint_committed"}
{"cell_id": "mix_seed2__test__000003__laggedrisk25", "completed": 339, "elapsed_seconds": 70.524, "failed": 0, "state": "audit_checkpoint_committed"}
{"cell_id": "mix_seed2__test__000003__dense", "completed": 340, "elapsed_seconds": 71.327, "failed": 0, "state": "audit_checkpoint_committed"}
{"cell_id": "base_seed0__test__000013__dense", "completed": 341, "elapsed_seconds": 71.637, "failed": 0, "state": "audit_checkpoint_committed"}
{"cell_id": "mix_seed2__valid__000000__dense", "completed": 342, "elapsed_seconds": 71.752, "failed": 0, "state": "audit_checkpoint_committed"}
{"receipt_sha256": "0593f723bb2c60c99d4ca5afc87d9caa8cde1bdf821c9020152521ec15453fee", "state": "available_rows_audited_completion_pending"}
