{
  "schema": "adaptgns_goop_global_action_gate_driver_v1",
  "status": "description_only",
  "modes": {
    "train-label-capacity": "train",
    "train-labels": "train",
    "validation-labels": "valid",
    "train-rollout-capacity": "train",
    "test-rollout": "test"
  },
  "gate_protocol_sha256": "bc9235fae89d32ede8d1e7f846bff07bdcdd85f4671d5922d688a9535f7fe024",
  "source_sha256": {
    "goop_global_action_gate_core_v1.py": "d3986c2ac3786e9fc0d36d76339bfeded5448497f7dad9b0559efaaaa53a43ca",
    "benchmark_goop_graph_support_rollout.py": "2e0ef0b84635c8430102cd797648d24cec14b457e1df900eb784d5e167966f8f",
    "evaluate_goop_graph_support_final.py": "cd970e04012930d896b31944271ccaf7da2b0881f22fe2f903533a8d5911dc6d",
    "goop_evaluation_contract.py": "4ee1e33dbe666804d1827b88565620a435d04836a170671914a71acb818be090",
    "sand_graph_support_policy.py": "4a1db45f742043ba261c06273c1538fa0195dfb7f203423510b9a353c5ddb03a",
    "train_goop_graph_support_cuda.py": "dd9ef01a16116f04a578bbfe9ed01774e66fdc08d60b913072a33ad211b319c1"
  },
  "no_scientific_execution": true
}
