/root/repos/AdaptGNS-cuda-20261006/adaptive-gns/gns/graph_network.py:49: SyntaxWarning: invalid escape sequence '\m'
  """Graph network encoder. Encode nodes and edges states to an MLP. The Encode:
/root/repos/AdaptGNS-cuda-20261006/adaptive-gns/gns/graph_network.py:237: SyntaxWarning: invalid escape sequence '\m'
  """The Processor: :math: `\mathcal{G} \rightarrow \mathcal{G}` computes
/root/repos/AdaptGNS-cuda-20261006/adaptive-gns/gns/graph_network.py:308: SyntaxWarning: invalid escape sequence '\m'
  """The Decoder: :math: `\mathcal{G} \rightarrow \mathcal{Y}` extracts the
/root/repos/AdaptGNS-cuda-20261006/adaptive-gns/gns/graph_network.py:320: SyntaxWarning: invalid escape sequence '\d'
  """The Decoder coder's learned function, :math: `\detla v`, is an MLP.
<unknown>:49: SyntaxWarning: invalid escape sequence '\m'
<unknown>:237: SyntaxWarning: invalid escape sequence '\m'
<unknown>:308: SyntaxWarning: invalid escape sequence '\m'
<unknown>:320: SyntaxWarning: invalid escape sequence '\d'
<unknown>:49: SyntaxWarning: invalid escape sequence '\m'
<unknown>:237: SyntaxWarning: invalid escape sequence '\m'
<unknown>:308: SyntaxWarning: invalid escape sequence '\m'
<unknown>:320: SyntaxWarning: invalid escape sequence '\d'
<unknown>:49: SyntaxWarning: invalid escape sequence '\m'
<unknown>:237: SyntaxWarning: invalid escape sequence '\m'
<unknown>:308: SyntaxWarning: invalid escape sequence '\m'
<unknown>:320: SyntaxWarning: invalid escape sequence '\d'
<unknown>:49: SyntaxWarning: invalid escape sequence '\m'
<unknown>:237: SyntaxWarning: invalid escape sequence '\m'
<unknown>:308: SyntaxWarning: invalid escape sequence '\m'
<unknown>:320: SyntaxWarning: invalid escape sequence '\d'
<unknown>:49: SyntaxWarning: invalid escape sequence '\m'
<unknown>:237: SyntaxWarning: invalid escape sequence '\m'
<unknown>:308: SyntaxWarning: invalid escape sequence '\m'
<unknown>:320: SyntaxWarning: invalid escape sequence '\d'
<unknown>:49: SyntaxWarning: invalid escape sequence '\m'
<unknown>:237: SyntaxWarning: invalid escape sequence '\m'
<unknown>:308: SyntaxWarning: invalid escape sequence '\m'
<unknown>:320: SyntaxWarning: invalid escape sequence '\d'
<unknown>:49: SyntaxWarning: invalid escape sequence '\m'
<unknown>:237: SyntaxWarning: invalid escape sequence '\m'
<unknown>:308: SyntaxWarning: invalid escape sequence '\m'
<unknown>:320: SyntaxWarning: invalid escape sequence '\d'
<unknown>:49: SyntaxWarning: invalid escape sequence '\m'
<unknown>:237: SyntaxWarning: invalid escape sequence '\m'
<unknown>:308: SyntaxWarning: invalid escape sequence '\m'
<unknown>:320: SyntaxWarning: invalid escape sequence '\d'
<unknown>:49: SyntaxWarning: invalid escape sequence '\m'
<unknown>:237: SyntaxWarning: invalid escape sequence '\m'
<unknown>:308: SyntaxWarning: invalid escape sequence '\m'
<unknown>:320: SyntaxWarning: invalid escape sequence '\d'
<unknown>:49: SyntaxWarning: invalid escape sequence '\m'
<unknown>:237: SyntaxWarning: invalid escape sequence '\m'
<unknown>:308: SyntaxWarning: invalid escape sequence '\m'
<unknown>:320: SyntaxWarning: invalid escape sequence '\d'
<unknown>:49: SyntaxWarning: invalid escape sequence '\m'
<unknown>:237: SyntaxWarning: invalid escape sequence '\m'
<unknown>:308: SyntaxWarning: invalid escape sequence '\m'
<unknown>:320: SyntaxWarning: invalid escape sequence '\d'
<unknown>:49: SyntaxWarning: invalid escape sequence '\m'
<unknown>:237: SyntaxWarning: invalid escape sequence '\m'
<unknown>:308: SyntaxWarning: invalid escape sequence '\m'
<unknown>:320: SyntaxWarning: invalid escape sequence '\d'
<unknown>:49: SyntaxWarning: invalid escape sequence '\m'
<unknown>:237: SyntaxWarning: invalid escape sequence '\m'
<unknown>:308: SyntaxWarning: invalid escape sequence '\m'
<unknown>:320: SyntaxWarning: invalid escape sequence '\d'
<unknown>:49: SyntaxWarning: invalid escape sequence '\m'
<unknown>:237: SyntaxWarning: invalid escape sequence '\m'
<unknown>:308: SyntaxWarning: invalid escape sequence '\m'
<unknown>:320: SyntaxWarning: invalid escape sequence '\d'
<unknown>:49: SyntaxWarning: invalid escape sequence '\m'
<unknown>:237: SyntaxWarning: invalid escape sequence '\m'
<unknown>:308: SyntaxWarning: invalid escape sequence '\m'
<unknown>:320: SyntaxWarning: invalid escape sequence '\d'
<unknown>:49: SyntaxWarning: invalid escape sequence '\m'
<unknown>:237: SyntaxWarning: invalid escape sequence '\m'
<unknown>:308: SyntaxWarning: invalid escape sequence '\m'
<unknown>:320: SyntaxWarning: invalid escape sequence '\d'
<unknown>:49: SyntaxWarning: invalid escape sequence '\m'
<unknown>:237: SyntaxWarning: invalid escape sequence '\m'
<unknown>:308: SyntaxWarning: invalid escape sequence '\m'
<unknown>:320: SyntaxWarning: invalid escape sequence '\d'
<unknown>:49: SyntaxWarning: invalid escape sequence '\m'
<unknown>:237: SyntaxWarning: invalid escape sequence '\m'
<unknown>:308: SyntaxWarning: invalid escape sequence '\m'
<unknown>:320: SyntaxWarning: invalid escape sequence '\d'
<unknown>:49: SyntaxWarning: invalid escape sequence '\m'
<unknown>:237: SyntaxWarning: invalid escape sequence '\m'
<unknown>:308: SyntaxWarning: invalid escape sequence '\m'
<unknown>:320: SyntaxWarning: invalid escape sequence '\d'
<unknown>:49: SyntaxWarning: invalid escape sequence '\m'
<unknown>:237: SyntaxWarning: invalid escape sequence '\m'
<unknown>:308: SyntaxWarning: invalid escape sequence '\m'
<unknown>:320: SyntaxWarning: invalid escape sequence '\d'
<unknown>:49: SyntaxWarning: invalid escape sequence '\m'
<unknown>:237: SyntaxWarning: invalid escape sequence '\m'
<unknown>:308: SyntaxWarning: invalid escape sequence '\m'
<unknown>:320: SyntaxWarning: invalid escape sequence '\d'
<unknown>:49: SyntaxWarning: invalid escape sequence '\m'
<unknown>:237: SyntaxWarning: invalid escape sequence '\m'
<unknown>:308: SyntaxWarning: invalid escape sequence '\m'
<unknown>:320: SyntaxWarning: invalid escape sequence '\d'
<unknown>:49: SyntaxWarning: invalid escape sequence '\m'
<unknown>:237: SyntaxWarning: invalid escape sequence '\m'
<unknown>:308: SyntaxWarning: invalid escape sequence '\m'
<unknown>:320: SyntaxWarning: invalid escape sequence '\d'
<unknown>:49: SyntaxWarning: invalid escape sequence '\m'
<unknown>:237: SyntaxWarning: invalid escape sequence '\m'
<unknown>:308: SyntaxWarning: invalid escape sequence '\m'
<unknown>:320: SyntaxWarning: invalid escape sequence '\d'
<unknown>:49: SyntaxWarning: invalid escape sequence '\m'
<unknown>:237: SyntaxWarning: invalid escape sequence '\m'
<unknown>:308: SyntaxWarning: invalid escape sequence '\m'
<unknown>:320: SyntaxWarning: invalid escape sequence '\d'
<unknown>:49: SyntaxWarning: invalid escape sequence '\m'
<unknown>:237: SyntaxWarning: invalid escape sequence '\m'
<unknown>:308: SyntaxWarning: invalid escape sequence '\m'
<unknown>:320: SyntaxWarning: invalid escape sequence '\d'
<unknown>:49: SyntaxWarning: invalid escape sequence '\m'
<unknown>:237: SyntaxWarning: invalid escape sequence '\m'
<unknown>:308: SyntaxWarning: invalid escape sequence '\m'
<unknown>:320: SyntaxWarning: invalid escape sequence '\d'
<unknown>:49: SyntaxWarning: invalid escape sequence '\m'
<unknown>:237: SyntaxWarning: invalid escape sequence '\m'
<unknown>:308: SyntaxWarning: invalid escape sequence '\m'
<unknown>:320: SyntaxWarning: invalid escape sequence '\d'
<unknown>:49: SyntaxWarning: invalid escape sequence '\m'
<unknown>:237: SyntaxWarning: invalid escape sequence '\m'
<unknown>:308: SyntaxWarning: invalid escape sequence '\m'
<unknown>:320: SyntaxWarning: invalid escape sequence '\d'
<unknown>:49: SyntaxWarning: invalid escape sequence '\m'
<unknown>:237: SyntaxWarning: invalid escape sequence '\m'
<unknown>:308: SyntaxWarning: invalid escape sequence '\m'
<unknown>:320: SyntaxWarning: invalid escape sequence '\d'
<unknown>:49: SyntaxWarning: invalid escape sequence '\m'
<unknown>:237: SyntaxWarning: invalid escape sequence '\m'
<unknown>:308: SyntaxWarning: invalid escape sequence '\m'
<unknown>:320: SyntaxWarning: invalid escape sequence '\d'
<unknown>:49: SyntaxWarning: invalid escape sequence '\m'
<unknown>:237: SyntaxWarning: invalid escape sequence '\m'
<unknown>:308: SyntaxWarning: invalid escape sequence '\m'
<unknown>:320: SyntaxWarning: invalid escape sequence '\d'
<unknown>:49: SyntaxWarning: invalid escape sequence '\m'
<unknown>:237: SyntaxWarning: invalid escape sequence '\m'
<unknown>:308: SyntaxWarning: invalid escape sequence '\m'
<unknown>:320: SyntaxWarning: invalid escape sequence '\d'
<unknown>:49: SyntaxWarning: invalid escape sequence '\m'
<unknown>:237: SyntaxWarning: invalid escape sequence '\m'
<unknown>:308: SyntaxWarning: invalid escape sequence '\m'
<unknown>:320: SyntaxWarning: invalid escape sequence '\d'
<unknown>:49: SyntaxWarning: invalid escape sequence '\m'
<unknown>:237: SyntaxWarning: invalid escape sequence '\m'
<unknown>:308: SyntaxWarning: invalid escape sequence '\m'
<unknown>:320: SyntaxWarning: invalid escape sequence '\d'
<unknown>:49: SyntaxWarning: invalid escape sequence '\m'
<unknown>:237: SyntaxWarning: invalid escape sequence '\m'
<unknown>:308: SyntaxWarning: invalid escape sequence '\m'
<unknown>:320: SyntaxWarning: invalid escape sequence '\d'
<unknown>:49: SyntaxWarning: invalid escape sequence '\m'
<unknown>:237: SyntaxWarning: invalid escape sequence '\m'
<unknown>:308: SyntaxWarning: invalid escape sequence '\m'
<unknown>:320: SyntaxWarning: invalid escape sequence '\d'
<unknown>:49: SyntaxWarning: invalid escape sequence '\m'
<unknown>:237: SyntaxWarning: invalid escape sequence '\m'
<unknown>:308: SyntaxWarning: invalid escape sequence '\m'
<unknown>:320: SyntaxWarning: invalid escape sequence '\d'
<unknown>:49: SyntaxWarning: invalid escape sequence '\m'
<unknown>:237: SyntaxWarning: invalid escape sequence '\m'
<unknown>:308: SyntaxWarning: invalid escape sequence '\m'
<unknown>:320: SyntaxWarning: invalid escape sequence '\d'
<unknown>:49: SyntaxWarning: invalid escape sequence '\m'
<unknown>:237: SyntaxWarning: invalid escape sequence '\m'
<unknown>:308: SyntaxWarning: invalid escape sequence '\m'
<unknown>:320: SyntaxWarning: invalid escape sequence '\d'
<unknown>:49: SyntaxWarning: invalid escape sequence '\m'
<unknown>:237: SyntaxWarning: invalid escape sequence '\m'
<unknown>:308: SyntaxWarning: invalid escape sequence '\m'
<unknown>:320: SyntaxWarning: invalid escape sequence '\d'
<unknown>:49: SyntaxWarning: invalid escape sequence '\m'
<unknown>:237: SyntaxWarning: invalid escape sequence '\m'
<unknown>:308: SyntaxWarning: invalid escape sequence '\m'
<unknown>:320: SyntaxWarning: invalid escape sequence '\d'
<unknown>:49: SyntaxWarning: invalid escape sequence '\m'
<unknown>:237: SyntaxWarning: invalid escape sequence '\m'
<unknown>:308: SyntaxWarning: invalid escape sequence '\m'
<unknown>:320: SyntaxWarning: invalid escape sequence '\d'
<unknown>:49: SyntaxWarning: invalid escape sequence '\m'
<unknown>:237: SyntaxWarning: invalid escape sequence '\m'
<unknown>:308: SyntaxWarning: invalid escape sequence '\m'
<unknown>:320: SyntaxWarning: invalid escape sequence '\d'
<unknown>:49: SyntaxWarning: invalid escape sequence '\m'
<unknown>:237: SyntaxWarning: invalid escape sequence '\m'
<unknown>:308: SyntaxWarning: invalid escape sequence '\m'
<unknown>:320: SyntaxWarning: invalid escape sequence '\d'
<unknown>:49: SyntaxWarning: invalid escape sequence '\m'
<unknown>:237: SyntaxWarning: invalid escape sequence '\m'
<unknown>:308: SyntaxWarning: invalid escape sequence '\m'
<unknown>:320: SyntaxWarning: invalid escape sequence '\d'
<unknown>:49: SyntaxWarning: invalid escape sequence '\m'
<unknown>:237: SyntaxWarning: invalid escape sequence '\m'
<unknown>:308: SyntaxWarning: invalid escape sequence '\m'
<unknown>:320: SyntaxWarning: invalid escape sequence '\d'
<unknown>:49: SyntaxWarning: invalid escape sequence '\m'
<unknown>:237: SyntaxWarning: invalid escape sequence '\m'
<unknown>:308: SyntaxWarning: invalid escape sequence '\m'
<unknown>:320: SyntaxWarning: invalid escape sequence '\d'
<unknown>:49: SyntaxWarning: invalid escape sequence '\m'
<unknown>:237: SyntaxWarning: invalid escape sequence '\m'
<unknown>:308: SyntaxWarning: invalid escape sequence '\m'
<unknown>:320: SyntaxWarning: invalid escape sequence '\d'
<unknown>:49: SyntaxWarning: invalid escape sequence '\m'
<unknown>:237: SyntaxWarning: invalid escape sequence '\m'
<unknown>:308: SyntaxWarning: invalid escape sequence '\m'
<unknown>:320: SyntaxWarning: invalid escape sequence '\d'
<unknown>:49: SyntaxWarning: invalid escape sequence '\m'
<unknown>:237: SyntaxWarning: invalid escape sequence '\m'
<unknown>:308: SyntaxWarning: invalid escape sequence '\m'
<unknown>:320: SyntaxWarning: invalid escape sequence '\d'
<unknown>:49: SyntaxWarning: invalid escape sequence '\m'
<unknown>:237: SyntaxWarning: invalid escape sequence '\m'
<unknown>:308: SyntaxWarning: invalid escape sequence '\m'
<unknown>:320: SyntaxWarning: invalid escape sequence '\d'
<unknown>:49: SyntaxWarning: invalid escape sequence '\m'
<unknown>:237: SyntaxWarning: invalid escape sequence '\m'
<unknown>:308: SyntaxWarning: invalid escape sequence '\m'
<unknown>:320: SyntaxWarning: invalid escape sequence '\d'
<unknown>:49: SyntaxWarning: invalid escape sequence '\m'
<unknown>:237: SyntaxWarning: invalid escape sequence '\m'
<unknown>:308: SyntaxWarning: invalid escape sequence '\m'
<unknown>:320: SyntaxWarning: invalid escape sequence '\d'
<unknown>:49: SyntaxWarning: invalid escape sequence '\m'
<unknown>:237: SyntaxWarning: invalid escape sequence '\m'
<unknown>:308: SyntaxWarning: invalid escape sequence '\m'
<unknown>:320: SyntaxWarning: invalid escape sequence '\d'
<unknown>:49: SyntaxWarning: invalid escape sequence '\m'
<unknown>:237: SyntaxWarning: invalid escape sequence '\m'
<unknown>:308: SyntaxWarning: invalid escape sequence '\m'
<unknown>:320: SyntaxWarning: invalid escape sequence '\d'
<unknown>:49: SyntaxWarning: invalid escape sequence '\m'
<unknown>:237: SyntaxWarning: invalid escape sequence '\m'
<unknown>:308: SyntaxWarning: invalid escape sequence '\m'
<unknown>:320: SyntaxWarning: invalid escape sequence '\d'
<unknown>:49: SyntaxWarning: invalid escape sequence '\m'
<unknown>:237: SyntaxWarning: invalid escape sequence '\m'
<unknown>:308: SyntaxWarning: invalid escape sequence '\m'
<unknown>:320: SyntaxWarning: invalid escape sequence '\d'
<unknown>:49: SyntaxWarning: invalid escape sequence '\m'
<unknown>:237: SyntaxWarning: invalid escape sequence '\m'
<unknown>:308: SyntaxWarning: invalid escape sequence '\m'
<unknown>:320: SyntaxWarning: invalid escape sequence '\d'
<unknown>:49: SyntaxWarning: invalid escape sequence '\m'
<unknown>:237: SyntaxWarning: invalid escape sequence '\m'
<unknown>:308: SyntaxWarning: invalid escape sequence '\m'
<unknown>:320: SyntaxWarning: invalid escape sequence '\d'
<unknown>:49: SyntaxWarning: invalid escape sequence '\m'
<unknown>:237: SyntaxWarning: invalid escape sequence '\m'
<unknown>:308: SyntaxWarning: invalid escape sequence '\m'
<unknown>:320: SyntaxWarning: invalid escape sequence '\d'
<unknown>:49: SyntaxWarning: invalid escape sequence '\m'
<unknown>:237: SyntaxWarning: invalid escape sequence '\m'
<unknown>:308: SyntaxWarning: invalid escape sequence '\m'
<unknown>:320: SyntaxWarning: invalid escape sequence '\d'
<unknown>:49: SyntaxWarning: invalid escape sequence '\m'
<unknown>:237: SyntaxWarning: invalid escape sequence '\m'
<unknown>:308: SyntaxWarning: invalid escape sequence '\m'
<unknown>:320: SyntaxWarning: invalid escape sequence '\d'
<unknown>:49: SyntaxWarning: invalid escape sequence '\m'
<unknown>:237: SyntaxWarning: invalid escape sequence '\m'
<unknown>:308: SyntaxWarning: invalid escape sequence '\m'
<unknown>:320: SyntaxWarning: invalid escape sequence '\d'
<unknown>:49: SyntaxWarning: invalid escape sequence '\m'
<unknown>:237: SyntaxWarning: invalid escape sequence '\m'
<unknown>:308: SyntaxWarning: invalid escape sequence '\m'
<unknown>:320: SyntaxWarning: invalid escape sequence '\d'
<unknown>:49: SyntaxWarning: invalid escape sequence '\m'
<unknown>:237: SyntaxWarning: invalid escape sequence '\m'
<unknown>:308: SyntaxWarning: invalid escape sequence '\m'
<unknown>:320: SyntaxWarning: invalid escape sequence '\d'
<unknown>:49: SyntaxWarning: invalid escape sequence '\m'
<unknown>:237: SyntaxWarning: invalid escape sequence '\m'
<unknown>:308: SyntaxWarning: invalid escape sequence '\m'
<unknown>:320: SyntaxWarning: invalid escape sequence '\d'
<unknown>:49: SyntaxWarning: invalid escape sequence '\m'
<unknown>:237: SyntaxWarning: invalid escape sequence '\m'
<unknown>:308: SyntaxWarning: invalid escape sequence '\m'
<unknown>:320: SyntaxWarning: invalid escape sequence '\d'
<unknown>:49: SyntaxWarning: invalid escape sequence '\m'
<unknown>:237: SyntaxWarning: invalid escape sequence '\m'
<unknown>:308: SyntaxWarning: invalid escape sequence '\m'
<unknown>:320: SyntaxWarning: invalid escape sequence '\d'
<unknown>:49: SyntaxWarning: invalid escape sequence '\m'
<unknown>:237: SyntaxWarning: invalid escape sequence '\m'
<unknown>:308: SyntaxWarning: invalid escape sequence '\m'
<unknown>:320: SyntaxWarning: invalid escape sequence '\d'
<unknown>:49: SyntaxWarning: invalid escape sequence '\m'
<unknown>:237: SyntaxWarning: invalid escape sequence '\m'
<unknown>:308: SyntaxWarning: invalid escape sequence '\m'
<unknown>:320: SyntaxWarning: invalid escape sequence '\d'
<unknown>:49: SyntaxWarning: invalid escape sequence '\m'
<unknown>:237: SyntaxWarning: invalid escape sequence '\m'
<unknown>:308: SyntaxWarning: invalid escape sequence '\m'
<unknown>:320: SyntaxWarning: invalid escape sequence '\d'
<unknown>:49: SyntaxWarning: invalid escape sequence '\m'
<unknown>:237: SyntaxWarning: invalid escape sequence '\m'
<unknown>:308: SyntaxWarning: invalid escape sequence '\m'
<unknown>:320: SyntaxWarning: invalid escape sequence '\d'
<unknown>:49: SyntaxWarning: invalid escape sequence '\m'
<unknown>:237: SyntaxWarning: invalid escape sequence '\m'
<unknown>:308: SyntaxWarning: invalid escape sequence '\m'
<unknown>:320: SyntaxWarning: invalid escape sequence '\d'
<unknown>:49: SyntaxWarning: invalid escape sequence '\m'
<unknown>:237: SyntaxWarning: invalid escape sequence '\m'
<unknown>:308: SyntaxWarning: invalid escape sequence '\m'
<unknown>:320: SyntaxWarning: invalid escape sequence '\d'
<unknown>:49: SyntaxWarning: invalid escape sequence '\m'
<unknown>:237: SyntaxWarning: invalid escape sequence '\m'
<unknown>:308: SyntaxWarning: invalid escape sequence '\m'
<unknown>:320: SyntaxWarning: invalid escape sequence '\d'
<unknown>:49: SyntaxWarning: invalid escape sequence '\m'
<unknown>:237: SyntaxWarning: invalid escape sequence '\m'
<unknown>:308: SyntaxWarning: invalid escape sequence '\m'
<unknown>:320: SyntaxWarning: invalid escape sequence '\d'
<unknown>:49: SyntaxWarning: invalid escape sequence '\m'
<unknown>:237: SyntaxWarning: invalid escape sequence '\m'
<unknown>:308: SyntaxWarning: invalid escape sequence '\m'
<unknown>:320: SyntaxWarning: invalid escape sequence '\d'
<unknown>:49: SyntaxWarning: invalid escape sequence '\m'
<unknown>:237: SyntaxWarning: invalid escape sequence '\m'
<unknown>:308: SyntaxWarning: invalid escape sequence '\m'
<unknown>:320: SyntaxWarning: invalid escape sequence '\d'
<unknown>:49: SyntaxWarning: invalid escape sequence '\m'
<unknown>:237: SyntaxWarning: invalid escape sequence '\m'
<unknown>:308: SyntaxWarning: invalid escape sequence '\m'
<unknown>:320: SyntaxWarning: invalid escape sequence '\d'
<unknown>:49: SyntaxWarning: invalid escape sequence '\m'
<unknown>:237: SyntaxWarning: invalid escape sequence '\m'
<unknown>:308: SyntaxWarning: invalid escape sequence '\m'
<unknown>:320: SyntaxWarning: invalid escape sequence '\d'
<unknown>:49: SyntaxWarning: invalid escape sequence '\m'
<unknown>:237: SyntaxWarning: invalid escape sequence '\m'
<unknown>:308: SyntaxWarning: invalid escape sequence '\m'
<unknown>:320: SyntaxWarning: invalid escape sequence '\d'
<unknown>:49: SyntaxWarning: invalid escape sequence '\m'
<unknown>:237: SyntaxWarning: invalid escape sequence '\m'
<unknown>:308: SyntaxWarning: invalid escape sequence '\m'
<unknown>:320: SyntaxWarning: invalid escape sequence '\d'
<unknown>:49: SyntaxWarning: invalid escape sequence '\m'
<unknown>:237: SyntaxWarning: invalid escape sequence '\m'
<unknown>:308: SyntaxWarning: invalid escape sequence '\m'
<unknown>:320: SyntaxWarning: invalid escape sequence '\d'
<unknown>:49: SyntaxWarning: invalid escape sequence '\m'
<unknown>:237: SyntaxWarning: invalid escape sequence '\m'
<unknown>:308: SyntaxWarning: invalid escape sequence '\m'
<unknown>:320: SyntaxWarning: invalid escape sequence '\d'
<unknown>:49: SyntaxWarning: invalid escape sequence '\m'
<unknown>:237: SyntaxWarning: invalid escape sequence '\m'
<unknown>:308: SyntaxWarning: invalid escape sequence '\m'
<unknown>:320: SyntaxWarning: invalid escape sequence '\d'
<unknown>:49: SyntaxWarning: invalid escape sequence '\m'
<unknown>:237: SyntaxWarning: invalid escape sequence '\m'
<unknown>:308: SyntaxWarning: invalid escape sequence '\m'
<unknown>:320: SyntaxWarning: invalid escape sequence '\d'
<unknown>:49: SyntaxWarning: invalid escape sequence '\m'
<unknown>:237: SyntaxWarning: invalid escape sequence '\m'
<unknown>:308: SyntaxWarning: invalid escape sequence '\m'
<unknown>:320: SyntaxWarning: invalid escape sequence '\d'
<unknown>:49: SyntaxWarning: invalid escape sequence '\m'
<unknown>:237: SyntaxWarning: invalid escape sequence '\m'
<unknown>:308: SyntaxWarning: invalid escape sequence '\m'
<unknown>:320: SyntaxWarning: invalid escape sequence '\d'
<unknown>:49: SyntaxWarning: invalid escape sequence '\m'
<unknown>:237: SyntaxWarning: invalid escape sequence '\m'
<unknown>:308: SyntaxWarning: invalid escape sequence '\m'
<unknown>:320: SyntaxWarning: invalid escape sequence '\d'
<unknown>:49: SyntaxWarning: invalid escape sequence '\m'
<unknown>:237: SyntaxWarning: invalid escape sequence '\m'
<unknown>:308: SyntaxWarning: invalid escape sequence '\m'
<unknown>:320: SyntaxWarning: invalid escape sequence '\d'
<unknown>:49: SyntaxWarning: invalid escape sequence '\m'
<unknown>:237: SyntaxWarning: invalid escape sequence '\m'
<unknown>:308: SyntaxWarning: invalid escape sequence '\m'
<unknown>:320: SyntaxWarning: invalid escape sequence '\d'
<unknown>:49: SyntaxWarning: invalid escape sequence '\m'
<unknown>:237: SyntaxWarning: invalid escape sequence '\m'
<unknown>:308: SyntaxWarning: invalid escape sequence '\m'
<unknown>:320: SyntaxWarning: invalid escape sequence '\d'
<unknown>:49: SyntaxWarning: invalid escape sequence '\m'
<unknown>:237: SyntaxWarning: invalid escape sequence '\m'
<unknown>:308: SyntaxWarning: invalid escape sequence '\m'
<unknown>:320: SyntaxWarning: invalid escape sequence '\d'
<unknown>:49: SyntaxWarning: invalid escape sequence '\m'
<unknown>:237: SyntaxWarning: invalid escape sequence '\m'
<unknown>:308: SyntaxWarning: invalid escape sequence '\m'
<unknown>:320: SyntaxWarning: invalid escape sequence '\d'
<unknown>:49: SyntaxWarning: invalid escape sequence '\m'
<unknown>:237: SyntaxWarning: invalid escape sequence '\m'
<unknown>:308: SyntaxWarning: invalid escape sequence '\m'
<unknown>:320: SyntaxWarning: invalid escape sequence '\d'
<unknown>:49: SyntaxWarning: invalid escape sequence '\m'
<unknown>:237: SyntaxWarning: invalid escape sequence '\m'
<unknown>:308: SyntaxWarning: invalid escape sequence '\m'
<unknown>:320: SyntaxWarning: invalid escape sequence '\d'
<unknown>:49: SyntaxWarning: invalid escape sequence '\m'
<unknown>:237: SyntaxWarning: invalid escape sequence '\m'
<unknown>:308: SyntaxWarning: invalid escape sequence '\m'
<unknown>:320: SyntaxWarning: invalid escape sequence '\d'
<unknown>:49: SyntaxWarning: invalid escape sequence '\m'
<unknown>:237: SyntaxWarning: invalid escape sequence '\m'
<unknown>:308: SyntaxWarning: invalid escape sequence '\m'
<unknown>:320: SyntaxWarning: invalid escape sequence '\d'
<unknown>:49: SyntaxWarning: invalid escape sequence '\m'
<unknown>:237: SyntaxWarning: invalid escape sequence '\m'
<unknown>:308: SyntaxWarning: invalid escape sequence '\m'
<unknown>:320: SyntaxWarning: invalid escape sequence '\d'
<unknown>:49: SyntaxWarning: invalid escape sequence '\m'
<unknown>:237: SyntaxWarning: invalid escape sequence '\m'
<unknown>:308: SyntaxWarning: invalid escape sequence '\m'
<unknown>:320: SyntaxWarning: invalid escape sequence '\d'
<unknown>:49: SyntaxWarning: invalid escape sequence '\m'
<unknown>:237: SyntaxWarning: invalid escape sequence '\m'
<unknown>:308: SyntaxWarning: invalid escape sequence '\m'
<unknown>:320: SyntaxWarning: invalid escape sequence '\d'
<unknown>:49: SyntaxWarning: invalid escape sequence '\m'
<unknown>:237: SyntaxWarning: invalid escape sequence '\m'
<unknown>:308: SyntaxWarning: invalid escape sequence '\m'
<unknown>:320: SyntaxWarning: invalid escape sequence '\d'
<unknown>:49: SyntaxWarning: invalid escape sequence '\m'
<unknown>:237: SyntaxWarning: invalid escape sequence '\m'
<unknown>:308: SyntaxWarning: invalid escape sequence '\m'
<unknown>:320: SyntaxWarning: invalid escape sequence '\d'
<unknown>:49: SyntaxWarning: invalid escape sequence '\m'
<unknown>:237: SyntaxWarning: invalid escape sequence '\m'
<unknown>:308: SyntaxWarning: invalid escape sequence '\m'
<unknown>:320: SyntaxWarning: invalid escape sequence '\d'
<unknown>:49: SyntaxWarning: invalid escape sequence '\m'
<unknown>:237: SyntaxWarning: invalid escape sequence '\m'
<unknown>:308: SyntaxWarning: invalid escape sequence '\m'
<unknown>:320: SyntaxWarning: invalid escape sequence '\d'
<unknown>:49: SyntaxWarning: invalid escape sequence '\m'
<unknown>:237: SyntaxWarning: invalid escape sequence '\m'
<unknown>:308: SyntaxWarning: invalid escape sequence '\m'
<unknown>:320: SyntaxWarning: invalid escape sequence '\d'
<unknown>:49: SyntaxWarning: invalid escape sequence '\m'
<unknown>:237: SyntaxWarning: invalid escape sequence '\m'
<unknown>:308: SyntaxWarning: invalid escape sequence '\m'
<unknown>:320: SyntaxWarning: invalid escape sequence '\d'
<unknown>:49: SyntaxWarning: invalid escape sequence '\m'
<unknown>:237: SyntaxWarning: invalid escape sequence '\m'
<unknown>:308: SyntaxWarning: invalid escape sequence '\m'
<unknown>:320: SyntaxWarning: invalid escape sequence '\d'
<unknown>:49: SyntaxWarning: invalid escape sequence '\m'
<unknown>:237: SyntaxWarning: invalid escape sequence '\m'
<unknown>:308: SyntaxWarning: invalid escape sequence '\m'
<unknown>:320: SyntaxWarning: invalid escape sequence '\d'
<unknown>:49: SyntaxWarning: invalid escape sequence '\m'
<unknown>:237: SyntaxWarning: invalid escape sequence '\m'
<unknown>:308: SyntaxWarning: invalid escape sequence '\m'
<unknown>:320: SyntaxWarning: invalid escape sequence '\d'
<unknown>:49: SyntaxWarning: invalid escape sequence '\m'
<unknown>:237: SyntaxWarning: invalid escape sequence '\m'
<unknown>:308: SyntaxWarning: invalid escape sequence '\m'
<unknown>:320: SyntaxWarning: invalid escape sequence '\d'
<unknown>:49: SyntaxWarning: invalid escape sequence '\m'
<unknown>:237: SyntaxWarning: invalid escape sequence '\m'
<unknown>:308: SyntaxWarning: invalid escape sequence '\m'
<unknown>:320: SyntaxWarning: invalid escape sequence '\d'
<unknown>:49: SyntaxWarning: invalid escape sequence '\m'
<unknown>:237: SyntaxWarning: invalid escape sequence '\m'
<unknown>:308: SyntaxWarning: invalid escape sequence '\m'
<unknown>:320: SyntaxWarning: invalid escape sequence '\d'
<unknown>:49: SyntaxWarning: invalid escape sequence '\m'
<unknown>:237: SyntaxWarning: invalid escape sequence '\m'
<unknown>:308: SyntaxWarning: invalid escape sequence '\m'
<unknown>:320: SyntaxWarning: invalid escape sequence '\d'
<unknown>:49: SyntaxWarning: invalid escape sequence '\m'
<unknown>:237: SyntaxWarning: invalid escape sequence '\m'
<unknown>:308: SyntaxWarning: invalid escape sequence '\m'
<unknown>:320: SyntaxWarning: invalid escape sequence '\d'
<unknown>:49: SyntaxWarning: invalid escape sequence '\m'
<unknown>:237: SyntaxWarning: invalid escape sequence '\m'
<unknown>:308: SyntaxWarning: invalid escape sequence '\m'
<unknown>:320: SyntaxWarning: invalid escape sequence '\d'
<unknown>:49: SyntaxWarning: invalid escape sequence '\m'
<unknown>:237: SyntaxWarning: invalid escape sequence '\m'
<unknown>:308: SyntaxWarning: invalid escape sequence '\m'
<unknown>:320: SyntaxWarning: invalid escape sequence '\d'
<unknown>:49: SyntaxWarning: invalid escape sequence '\m'
<unknown>:237: SyntaxWarning: invalid escape sequence '\m'
<unknown>:308: SyntaxWarning: invalid escape sequence '\m'
<unknown>:320: SyntaxWarning: invalid escape sequence '\d'
<unknown>:49: SyntaxWarning: invalid escape sequence '\m'
<unknown>:237: SyntaxWarning: invalid escape sequence '\m'
<unknown>:308: SyntaxWarning: invalid escape sequence '\m'
<unknown>:320: SyntaxWarning: invalid escape sequence '\d'
<unknown>:49: SyntaxWarning: invalid escape sequence '\m'
<unknown>:237: SyntaxWarning: invalid escape sequence '\m'
<unknown>:308: SyntaxWarning: invalid escape sequence '\m'
<unknown>:320: SyntaxWarning: invalid escape sequence '\d'
<unknown>:49: SyntaxWarning: invalid escape sequence '\m'
<unknown>:237: SyntaxWarning: invalid escape sequence '\m'
<unknown>:308: SyntaxWarning: invalid escape sequence '\m'
<unknown>:320: SyntaxWarning: invalid escape sequence '\d'
<unknown>:49: SyntaxWarning: invalid escape sequence '\m'
<unknown>:237: SyntaxWarning: invalid escape sequence '\m'
<unknown>:308: SyntaxWarning: invalid escape sequence '\m'
<unknown>:320: SyntaxWarning: invalid escape sequence '\d'
<unknown>:49: SyntaxWarning: invalid escape sequence '\m'
<unknown>:237: SyntaxWarning: invalid escape sequence '\m'
<unknown>:308: SyntaxWarning: invalid escape sequence '\m'
<unknown>:320: SyntaxWarning: invalid escape sequence '\d'
<unknown>:49: SyntaxWarning: invalid escape sequence '\m'
<unknown>:237: SyntaxWarning: invalid escape sequence '\m'
<unknown>:308: SyntaxWarning: invalid escape sequence '\m'
<unknown>:320: SyntaxWarning: invalid escape sequence '\d'
<unknown>:49: SyntaxWarning: invalid escape sequence '\m'
<unknown>:237: SyntaxWarning: invalid escape sequence '\m'
<unknown>:308: SyntaxWarning: invalid escape sequence '\m'
<unknown>:320: SyntaxWarning: invalid escape sequence '\d'
<unknown>:49: SyntaxWarning: invalid escape sequence '\m'
<unknown>:237: SyntaxWarning: invalid escape sequence '\m'
<unknown>:308: SyntaxWarning: invalid escape sequence '\m'
<unknown>:320: SyntaxWarning: invalid escape sequence '\d'
<unknown>:49: SyntaxWarning: invalid escape sequence '\m'
<unknown>:237: SyntaxWarning: invalid escape sequence '\m'
<unknown>:308: SyntaxWarning: invalid escape sequence '\m'
<unknown>:320: SyntaxWarning: invalid escape sequence '\d'
<unknown>:49: SyntaxWarning: invalid escape sequence '\m'
<unknown>:237: SyntaxWarning: invalid escape sequence '\m'
<unknown>:308: SyntaxWarning: invalid escape sequence '\m'
<unknown>:320: SyntaxWarning: invalid escape sequence '\d'
<unknown>:49: SyntaxWarning: invalid escape sequence '\m'
<unknown>:237: SyntaxWarning: invalid escape sequence '\m'
<unknown>:308: SyntaxWarning: invalid escape sequence '\m'
<unknown>:320: SyntaxWarning: invalid escape sequence '\d'
<unknown>:49: SyntaxWarning: invalid escape sequence '\m'
<unknown>:237: SyntaxWarning: invalid escape sequence '\m'
<unknown>:308: SyntaxWarning: invalid escape sequence '\m'
<unknown>:320: SyntaxWarning: invalid escape sequence '\d'
<unknown>:49: SyntaxWarning: invalid escape sequence '\m'
<unknown>:237: SyntaxWarning: invalid escape sequence '\m'
<unknown>:308: SyntaxWarning: invalid escape sequence '\m'
<unknown>:320: SyntaxWarning: invalid escape sequence '\d'
<unknown>:49: SyntaxWarning: invalid escape sequence '\m'
<unknown>:237: SyntaxWarning: invalid escape sequence '\m'
<unknown>:308: SyntaxWarning: invalid escape sequence '\m'
<unknown>:320: SyntaxWarning: invalid escape sequence '\d'
<unknown>:49: SyntaxWarning: invalid escape sequence '\m'
<unknown>:237: SyntaxWarning: invalid escape sequence '\m'
<unknown>:308: SyntaxWarning: invalid escape sequence '\m'
<unknown>:320: SyntaxWarning: invalid escape sequence '\d'
<unknown>:49: SyntaxWarning: invalid escape sequence '\m'
<unknown>:237: SyntaxWarning: invalid escape sequence '\m'
<unknown>:308: SyntaxWarning: invalid escape sequence '\m'
<unknown>:320: SyntaxWarning: invalid escape sequence '\d'
<unknown>:49: SyntaxWarning: invalid escape sequence '\m'
<unknown>:237: SyntaxWarning: invalid escape sequence '\m'
<unknown>:308: SyntaxWarning: invalid escape sequence '\m'
<unknown>:320: SyntaxWarning: invalid escape sequence '\d'
<unknown>:49: SyntaxWarning: invalid escape sequence '\m'
<unknown>:237: SyntaxWarning: invalid escape sequence '\m'
<unknown>:308: SyntaxWarning: invalid escape sequence '\m'
<unknown>:320: SyntaxWarning: invalid escape sequence '\d'
<unknown>:49: SyntaxWarning: invalid escape sequence '\m'
<unknown>:237: SyntaxWarning: invalid escape sequence '\m'
<unknown>:308: SyntaxWarning: invalid escape sequence '\m'
<unknown>:320: SyntaxWarning: invalid escape sequence '\d'
<unknown>:49: SyntaxWarning: invalid escape sequence '\m'
<unknown>:237: SyntaxWarning: invalid escape sequence '\m'
<unknown>:308: SyntaxWarning: invalid escape sequence '\m'
<unknown>:320: SyntaxWarning: invalid escape sequence '\d'
<unknown>:49: SyntaxWarning: invalid escape sequence '\m'
<unknown>:237: SyntaxWarning: invalid escape sequence '\m'
<unknown>:308: SyntaxWarning: invalid escape sequence '\m'
<unknown>:320: SyntaxWarning: invalid escape sequence '\d'
<unknown>:49: SyntaxWarning: invalid escape sequence '\m'
<unknown>:237: SyntaxWarning: invalid escape sequence '\m'
<unknown>:308: SyntaxWarning: invalid escape sequence '\m'
<unknown>:320: SyntaxWarning: invalid escape sequence '\d'
<unknown>:49: SyntaxWarning: invalid escape sequence '\m'
<unknown>:237: SyntaxWarning: invalid escape sequence '\m'
<unknown>:308: SyntaxWarning: invalid escape sequence '\m'
<unknown>:320: SyntaxWarning: invalid escape sequence '\d'
<unknown>:49: SyntaxWarning: invalid escape sequence '\m'
<unknown>:237: SyntaxWarning: invalid escape sequence '\m'
<unknown>:308: SyntaxWarning: invalid escape sequence '\m'
<unknown>:320: SyntaxWarning: invalid escape sequence '\d'
<unknown>:49: SyntaxWarning: invalid escape sequence '\m'
<unknown>:237: SyntaxWarning: invalid escape sequence '\m'
<unknown>:308: SyntaxWarning: invalid escape sequence '\m'
<unknown>:320: SyntaxWarning: invalid escape sequence '\d'
<unknown>:49: SyntaxWarning: invalid escape sequence '\m'
<unknown>:237: SyntaxWarning: invalid escape sequence '\m'
<unknown>:308: SyntaxWarning: invalid escape sequence '\m'
<unknown>:320: SyntaxWarning: invalid escape sequence '\d'
<unknown>:49: SyntaxWarning: invalid escape sequence '\m'
<unknown>:237: SyntaxWarning: invalid escape sequence '\m'
<unknown>:308: SyntaxWarning: invalid escape sequence '\m'
<unknown>:320: SyntaxWarning: invalid escape sequence '\d'
<unknown>:49: SyntaxWarning: invalid escape sequence '\m'
<unknown>:237: SyntaxWarning: invalid escape sequence '\m'
<unknown>:308: SyntaxWarning: invalid escape sequence '\m'
<unknown>:320: SyntaxWarning: invalid escape sequence '\d'
<unknown>:49: SyntaxWarning: invalid escape sequence '\m'
<unknown>:237: SyntaxWarning: invalid escape sequence '\m'
<unknown>:308: SyntaxWarning: invalid escape sequence '\m'
<unknown>:320: SyntaxWarning: invalid escape sequence '\d'
<unknown>:49: SyntaxWarning: invalid escape sequence '\m'
<unknown>:237: SyntaxWarning: invalid escape sequence '\m'
<unknown>:308: SyntaxWarning: invalid escape sequence '\m'
<unknown>:320: SyntaxWarning: invalid escape sequence '\d'
<unknown>:49: SyntaxWarning: invalid escape sequence '\m'
<unknown>:237: SyntaxWarning: invalid escape sequence '\m'
<unknown>:308: SyntaxWarning: invalid escape sequence '\m'
<unknown>:320: SyntaxWarning: invalid escape sequence '\d'
<unknown>:49: SyntaxWarning: invalid escape sequence '\m'
<unknown>:237: SyntaxWarning: invalid escape sequence '\m'
<unknown>:308: SyntaxWarning: invalid escape sequence '\m'
<unknown>:320: SyntaxWarning: invalid escape sequence '\d'
