Traceback (most recent call last):
  File "/root/repos/AdaptGNS-cuda-20261006/goop3d_completion_20261007/observed_v1/run_observed_resumable.py", line 442, in <module>
    main()
  File "/root/repos/AdaptGNS-cuda-20261006/goop3d_completion_20261007/observed_v1/run_observed_resumable.py", line 438, in main
    execute(args,pins,args.protocol_sha256,args.source_pins_sha256)
  File "/root/repos/AdaptGNS-cuda-20261006/goop3d_completion_20261007/observed_v1/run_observed_resumable.py", line 398, in execute
    arithmetic=checked.verify(result,summary)
               ^^^^^^^^^^^^^^^^^^^^^^^^^^^^^^
  File "/root/repos/AdaptGNS-cuda-20261006/cuda_preparation/goop3d_observed_history_analysis_v1/check_goop3d_observed_history_summary_v1.py", line 62, in verify
    equal(actual['absolute'],absolute);equal(actual['mix_minus_base_training'],changes)
    ^^^^^^^^^^^^^^^^^^^^^^^^^^^^^^^^^^
  File "/root/repos/AdaptGNS-cuda-20261006/cuda_preparation/goop3d_observed_history_analysis_v1/check_goop3d_observed_history_summary_v1.py", line 17, in equal
    for key in expected:equal(actual[key],expected[key])
                        ^^^^^^^^^^^^^^^^^^^^^^^^^^^^^^^^
  File "/root/repos/AdaptGNS-cuda-20261006/cuda_preparation/goop3d_observed_history_analysis_v1/check_goop3d_observed_history_summary_v1.py", line 17, in equal
    for key in expected:equal(actual[key],expected[key])
                        ^^^^^^^^^^^^^^^^^^^^^^^^^^^^^^^^
  File "/root/repos/AdaptGNS-cuda-20261006/cuda_preparation/goop3d_observed_history_analysis_v1/check_goop3d_observed_history_summary_v1.py", line 17, in equal
    for key in expected:equal(actual[key],expected[key])
                        ^^^^^^^^^^^^^^^^^^^^^^^^^^^^^^^^
  File "/root/repos/AdaptGNS-cuda-20261006/cuda_preparation/goop3d_observed_history_analysis_v1/check_goop3d_observed_history_summary_v1.py", line 22, in equal
    else:need(valid(actual) and math.isclose(actual,expected,rel_tol=1e-10,abs_tol=1e-12),'independent arithmetic differs')
         ^^^^^^^^^^^^^^^^^^^^^^^^^^^^^^^^^^^^^^^^^^^^^^^^^^^^^^^^^^^^^^^^^^^^^^^^^^^^^^^^^^^^^^^^^^^^^^^^^^^^^^^^^^^^^^^^^^
  File "/root/repos/AdaptGNS-cuda-20261006/cuda_preparation/goop3d_observed_history_analysis_v1/observed_common.py", line 35, in need
    if not ok:raise ValueError(message)
              ^^^^^^^^^^^^^^^^^^^^^^^^^
ValueError: independent arithmetic differs
