/root/repos/AdaptGNS-cuda-20261006/adaptive-gns/gns/graph_network.py:49: SyntaxWarning: invalid escape sequence '\m'
  """Graph network encoder. Encode nodes and edges states to an MLP. The Encode:
/root/repos/AdaptGNS-cuda-20261006/adaptive-gns/gns/graph_network.py:237: SyntaxWarning: invalid escape sequence '\m'
  """The Processor: :math: `\mathcal{G} \rightarrow \mathcal{G}` computes
/root/repos/AdaptGNS-cuda-20261006/adaptive-gns/gns/graph_network.py:308: SyntaxWarning: invalid escape sequence '\m'
  """The Decoder: :math: `\mathcal{G} \rightarrow \mathcal{Y}` extracts the
/root/repos/AdaptGNS-cuda-20261006/adaptive-gns/gns/graph_network.py:320: SyntaxWarning: invalid escape sequence '\d'
  """The Decoder coder's learned function, :math: `\detla v`, is an MLP.
Traceback (most recent call last):
  File "/root/repos/AdaptGNS-cuda-20261006/cuda_preparation/benchmark_goop3d_first_record.py", line 333, in <module>
    raise SystemExit(main())
                     ^^^^^^
  File "/root/repos/AdaptGNS-cuda-20261006/cuda_preparation/benchmark_goop3d_first_record.py", line 252, in main
    batch, noise, metadata, info, input_paths = load_inputs(args, graph)
                                                ^^^^^^^^^^^^^^^^^^^^^^^^
  File "/root/repos/AdaptGNS-cuda-20261006/cuda_preparation/benchmark_goop3d_first_record.py", line 145, in load_inputs
    require(path.is_file() and not path.is_symlink() and path.stat().st_size == row['size_bytes']
  File "/root/repos/AdaptGNS-cuda-20261006/cuda_preparation/benchmark_goop3d_first_record.py", line 46, in require
    raise ValueError(message)
ValueError: First-record numeric-array identity differs
