FF                                                                       [100%]
=================================== FAILURES ===================================
_______ test_independent_advancing_clock_can_launch_initial_exact_budget _______

monkeypatch = <_pytest.monkeypatch.MonkeyPatch object at 0x10a93b350>

    def test_independent_advancing_clock_can_launch_initial_exact_budget(monkeypatch):
        prepared, processes, calls = launch_fixture(monkeypatch)
        baseline = datetime(2026, 10, 6, 7, tzinfo=timezone.utc)
        ticks = [0]
        def advancing():
            ticks[0] += 1
            return baseline + timedelta(milliseconds=ticks[0])
        monkeypatch.setattr(q, "now", advancing)
>       assert q.launch(prepared) == 0
E       AssertionError: assert 2 == 0
E        +  where 2 = <function launch at 0x10a9b7c40>({'immutable': {}, 'release': {}, 'native_identity': {}, 'planning': {}})
E        +    where <function launch at 0x10a9b7c40> = q.launch

work/deadline_research_20261005/test_run_native_random_envelope_queue_review.py:20: AssertionError
_ test_independent_final_child_overrun_preserves_inference_but_stops_new_analysis _

monkeypatch = <_pytest.monkeypatch.MonkeyPatch object at 0x10a93ba40>

    def test_independent_final_child_overrun_preserves_inference_but_stops_new_analysis(monkeypatch):
        prepared, processes, calls = launch_fixture(monkeypatch)
        baseline = datetime(2026, 10, 6, 7, tzinfo=timezone.utc)
        elapsed = [0.]
        monkeypatch.setattr(q, "now", lambda: baseline + timedelta(seconds=elapsed[0]))
        monkeypatch.setattr(q.time, "perf_counter", lambda: elapsed[0])
        original_constructor = q.subprocess.Popen
        class TimedProcess(original_constructor):
            def wait(self, timeout=None):
                if self.command[0] != "caffeinate":
                    elapsed[0] += 1400. if len(processes) == 7 else 100.
                return super().wait(timeout)
        monkeypatch.setattr(q.subprocess, "Popen", TimedProcess)
>       assert q.launch(prepared) == 2
E       AssertionError: assert 0 == 2
E        +  where 0 = <function launch at 0x10a9b7c40>({'immutable': {}, 'release': {}, 'native_identity': {}, 'planning': {}})
E        +    where <function launch at 0x10a9b7c40> = q.launch

work/deadline_research_20261005/test_run_native_random_envelope_queue_review.py:41: AssertionError
=========================== short test summary info ============================
FAILED work/deadline_research_20261005/test_run_native_random_envelope_queue_review.py::test_independent_advancing_clock_can_launch_initial_exact_budget
FAILED work/deadline_research_20261005/test_run_native_random_envelope_queue_review.py::test_independent_final_child_overrun_preserves_inference_but_stops_new_analysis
2 failed, 13 deselected in 0.07s

